Component: ARM Compiler 5.06 update 6 (build 750) Tool: armlink [4d35ed]

==============================================================================

Section Cross References

    main.o(i.ADC1Init) refers to mdr32f9qx_adc.o(i.ADCx_StructInit) for ADCx_StructInit
    main.o(i.ADC1Init) refers to mdr32f9qx_adc.o(i.ADC1_Init) for ADC1_Init
    main.o(i.ADC1Init) refers to mdr32f9qx_adc.o(i.ADC1_Cmd) for ADC1_Cmd
    main.o(i.ADCInit) refers to mdr32f9qx_rst_clk.o(i.RST_CLK_PCLKcmd) for RST_CLK_PCLKcmd
    main.o(i.ADCInit) refers to mdr32f9qx_adc.o(i.ADC_StructInit) for ADC_StructInit
    main.o(i.ADCInit) refers to mdr32f9qx_adc.o(i.ADC_Init) for ADC_Init
    main.o(i.main) refers to _printf_pad.o(.text) for _printf_pre_padding
    main.o(i.main) refers to _printf_percent.o(.ARM.Collect$$_printf_percent$$00000000) for _printf_percent
    main.o(i.main) refers to _printf_f.o(.ARM.Collect$$_printf_percent$$00000003) for _printf_f
    main.o(i.main) refers to printf1.o(x$fpl$printf1) for _printf_fp_dec
    main.o(i.main) refers to mlt_lcd.o(i.U_MLT_Init) for U_MLT_Init
    main.o(i.main) refers to main.o(i.ADCInit) for ADCInit
    main.o(i.main) refers to main.o(i.ADC1Init) for ADC1Init
    main.o(i.main) refers to mdr32f9qx_adc.o(i.ADC1_Start) for ADC1_Start
    main.o(i.main) refers to mdr32f9qx_adc.o(i.ADC1_GetFlagStatus) for ADC1_GetFlagStatus
    main.o(i.main) refers to mdr32f9qx_adc.o(i.ADC1_GetResult) for ADC1_GetResult
    main.o(i.main) refers to fflt_clz.o(x$fpl$ffltu) for __aeabi_ui2f
    main.o(i.main) refers to fdiv.o(x$fpl$fdiv) for __aeabi_fdiv
    main.o(i.main) refers to f2d.o(x$fpl$f2d) for __aeabi_f2d
    main.o(i.main) refers to __2sprintf.o(.text) for __2sprintf
    main.o(i.main) refers to mlt_lcd.o(i.U_MLT_Put_String) for U_MLT_Put_String
    main.o(i.main) refers to main.o(.data) for RESULT
    main.o(i.main) refers to main.o(.bss) for stroka
    mlt_lcd.o(i.U_MLT_Clear_Chip) refers to mlt_lcd.o(i.U_MLT_Clear_Page) for U_MLT_Clear_Page
    mlt_lcd.o(i.U_MLT_Clear_Page) refers to mlt_lcd.o(i.U_MLT_Set_Page) for U_MLT_Set_Page
    mlt_lcd.o(i.U_MLT_Clear_Page) refers to mlt_lcd.o(i.U_MLT_Set_Address) for U_MLT_Set_Address
    mlt_lcd.o(i.U_MLT_Clear_Page) refers to mlt_lcd.o(i.U_MLT_Read_Status) for U_MLT_Read_Status
    mlt_lcd.o(i.U_MLT_Clear_Page) refers to mlt_lcd.o(i.U_MLT_Write_Data) for U_MLT_Write_Data
    mlt_lcd.o(i.U_MLT_Disp_Off) refers to mdr32f9qx_port.o(i.PORT_SetBits) for PORT_SetBits
    mlt_lcd.o(i.U_MLT_Disp_Off) refers to mdr32f9qx_port.o(i.PORT_ResetBits) for PORT_ResetBits
    mlt_lcd.o(i.U_MLT_Disp_Off) refers to mlt_lcd.o(i.U_MLT_Delay) for U_MLT_Delay
    mlt_lcd.o(i.U_MLT_Disp_Off) refers to mlt_lcd.o(i.U_MLT_Set_Data_Bits) for U_MLT_Set_Data_Bits
    mlt_lcd.o(i.U_MLT_Disp_On) refers to mdr32f9qx_port.o(i.PORT_SetBits) for PORT_SetBits
    mlt_lcd.o(i.U_MLT_Disp_On) refers to mdr32f9qx_port.o(i.PORT_ResetBits) for PORT_ResetBits
    mlt_lcd.o(i.U_MLT_Disp_On) refers to mlt_lcd.o(i.U_MLT_Delay) for U_MLT_Delay
    mlt_lcd.o(i.U_MLT_Disp_On) refers to mlt_lcd.o(i.U_MLT_Set_Data_Bits) for U_MLT_Set_Data_Bits
    mlt_lcd.o(i.U_MLT_Init) refers to mlt_lcd.o(i.U_MLT_Pin_Cfg) for U_MLT_Pin_Cfg
    mlt_lcd.o(i.U_MLT_Init) refers to mlt_lcd.o(i.U_MLT_LCD_Init) for U_MLT_LCD_Init
    mlt_lcd.o(i.U_MLT_Init) refers to mlt_lcd.o(i.U_MLT_Read_Status) for U_MLT_Read_Status
    mlt_lcd.o(i.U_MLT_Init) refers to mlt_lcd.o(i.U_MLT_Disp_On) for U_MLT_Disp_On
    mlt_lcd.o(i.U_MLT_Init) refers to mlt_lcd.o(i.U_MLT_Clear_Chip) for U_MLT_Clear_Chip
    mlt_lcd.o(i.U_MLT_Init) refers to mlt_lcd.o(i.U_MLT_Put_String) for U_MLT_Put_String
    mlt_lcd.o(i.U_MLT_Init) refers to mlt_lcd.o(i.U_MLT_Put_Image) for U_MLT_Put_Image
    mlt_lcd.o(i.U_MLT_Init) refers to mlt_lcd.o(.data) for init_string
    mlt_lcd.o(i.U_MLT_Init) refers to mlt_lcd.o(.constdata) for init_image
    mlt_lcd.o(i.U_MLT_LCD_Init) refers to mdr32f9qx_port.o(i.PORT_ResetBits) for PORT_ResetBits
    mlt_lcd.o(i.U_MLT_LCD_Init) refers to mlt_lcd.o(i.U_MLT_Delay) for U_MLT_Delay
    mlt_lcd.o(i.U_MLT_LCD_Init) refers to mdr32f9qx_port.o(i.PORT_SetBits) for PORT_SetBits
    mlt_lcd.o(i.U_MLT_LCD_Init) refers to mlt_lcd.o(i.U_MLT_Read_Status) for U_MLT_Read_Status
    mlt_lcd.o(i.U_MLT_Pin_Cfg) refers to mdr32f9qx_rst_clk.o(i.RST_CLK_PCLKcmd) for RST_CLK_PCLKcmd
    mlt_lcd.o(i.U_MLT_Pin_Cfg) refers to mdr32f9qx_port.o(i.PORT_Init) for PORT_Init
    mlt_lcd.o(i.U_MLT_Put_Char) refers to mlt_lcd.o(i.U_MLT_Set_Page) for U_MLT_Set_Page
    mlt_lcd.o(i.U_MLT_Put_Char) refers to mlt_lcd.o(i.U_MLT_Set_Address) for U_MLT_Set_Address
    mlt_lcd.o(i.U_MLT_Put_Char) refers to mlt_lcd.o(i.U_MLT_Read_Status) for U_MLT_Read_Status
    mlt_lcd.o(i.U_MLT_Put_Char) refers to mlt_lcd.o(i.U_MLT_Write_Data) for U_MLT_Write_Data
    mlt_lcd.o(i.U_MLT_Put_Char) refers to mlt_lcd.o(.constdata) for MLT_Font
    mlt_lcd.o(i.U_MLT_Put_Image) refers to mlt_lcd.o(i.U_MLT_Set_Page) for U_MLT_Set_Page
[...]
    Removing mdr32f9qx_can.o(.rev16_text), (4 bytes).
    Removing mdr32f9qx_can.o(.revsh_text), (4 bytes).
    Removing mdr32f9qx_can.o(i.CAN_BRGInit), (56 bytes).
    Removing mdr32f9qx_can.o(i.CAN_BufferRelease), (18 bytes).
    Removing mdr32f9qx_can.o(i.CAN_Cmd), (20 bytes).
    Removing mdr32f9qx_can.o(i.CAN_DeInit), (42 bytes).
    Removing mdr32f9qx_can.o(i.CAN_FilterInit), (26 bytes).
    Removing mdr32f9qx_can.o(i.CAN_GetBufferStatus), (12 bytes).
    Removing mdr32f9qx_can.o(i.CAN_GetDisabledBuffer), (30 bytes).
    Removing mdr32f9qx_can.o(i.CAN_GetEmptyTransferBuffer), (30 bytes).
    Removing mdr32f9qx_can.o(i.CAN_GetITState), (16 bytes).
    Removing mdr32f9qx_can.o(i.CAN_GetRawReceivedData), (128 bytes).
    Removing mdr32f9qx_can.o(i.CAN_GetReceivedData), (46 bytes).
    Removing mdr32f9qx_can.o(i.CAN_GetRx), (8 bytes).
    Removing mdr32f9qx_can.o(i.CAN_GetRxITStatus), (30 bytes).
    Removing mdr32f9qx_can.o(i.CAN_GetStatus), (6 bytes).
    Removing mdr32f9qx_can.o(i.CAN_GetTxITStatus), (30 bytes).
    Removing mdr32f9qx_can.o(i.CAN_ITClearErrorPendingBit), (8 bytes).
    Removing mdr32f9qx_can.o(i.CAN_ITClearRxTxPendingBit), (38 bytes).
    Removing mdr32f9qx_can.o(i.CAN_ITConfig), (18 bytes).
    Removing mdr32f9qx_can.o(i.CAN_Init), (98 bytes).
    Removing mdr32f9qx_can.o(i.CAN_RTRReply), (82 bytes).
    Removing mdr32f9qx_can.o(i.CAN_ReadBufferSFR), (14 bytes).
    Removing mdr32f9qx_can.o(i.CAN_Receive), (22 bytes).
    Removing mdr32f9qx_can.o(i.CAN_RxITConfig), (22 bytes).
    Removing mdr32f9qx_can.o(i.CAN_SendRTR), (72 bytes).
    Removing mdr32f9qx_can.o(i.CAN_StructInit), (38 bytes).
    Removing mdr32f9qx_can.o(i.CAN_Transmit), (96 bytes).
    Removing mdr32f9qx_can.o(i.CAN_TxITConfig), (22 bytes).
    Removing mdr32f9qx_comp.o(.rev16_text), (4 bytes).
    Removing mdr32f9qx_comp.o(.revsh_text), (4 bytes).
    Removing mdr32f9qx_comp.o(i.COMP_CVRefCmd), (28 bytes).
    Removing mdr32f9qx_comp.o(i.COMP_CVRefInit), (32 bytes).
    Removing mdr32f9qx_comp.o(i.COMP_CVRefRangeConfig), (20 bytes).
    Removing mdr32f9qx_comp.o(i.COMP_CVRefScaleConfig), (20 bytes).
    Removing mdr32f9qx_comp.o(i.COMP_CVRefSourceConfig), (20 bytes).
    Removing mdr32f9qx_comp.o(i.COMP_CVRefStructInit), (10 bytes).
    Removing mdr32f9qx_comp.o(i.COMP_Cmd), (28 bytes).
    Removing mdr32f9qx_comp.o(i.COMP_DeInit), (16 bytes).
    Removing mdr32f9qx_comp.o(i.COMP_GetCfgFlagStatus), (24 bytes).
    Removing mdr32f9qx_comp.o(i.COMP_GetFlagStatus), (22 bytes).
    Removing mdr32f9qx_comp.o(i.COMP_GetResultLatch), (12 bytes).
    Removing mdr32f9qx_comp.o(i.COMP_GetStatus), (12 bytes).
    Removing mdr32f9qx_comp.o(i.COMP_ITConfig), (28 bytes).
    Removing mdr32f9qx_comp.o(i.COMP_Init), (32 bytes).
    Removing mdr32f9qx_comp.o(i.COMP_MInpSourceConfig), (20 bytes).
    Removing mdr32f9qx_comp.o(i.COMP_OutInversionConfig), (20 bytes).
    Removing mdr32f9qx_comp.o(i.COMP_PInpSourceConfig), (20 bytes).
    Removing mdr32f9qx_comp.o(i.COMP_StructInit), (10 bytes).
    Removing mdr32f9qx_dac.o(.rev16_text), (4 bytes).
    Removing mdr32f9qx_dac.o(.revsh_text), (4 bytes).
    Removing mdr32f9qx_dac.o(i.DAC1_Cmd), (28 bytes).
    Removing mdr32f9qx_dac.o(i.DAC1_GetData), (12 bytes).
    Removing mdr32f9qx_dac.o(i.DAC1_Init), (20 bytes).
    Removing mdr32f9qx_dac.o(i.DAC1_SetData), (12 bytes).
    Removing mdr32f9qx_dac.o(i.DAC2_Cmd), (28 bytes).
    Removing mdr32f9qx_dac.o(i.DAC2_GetData), (12 bytes).
    Removing mdr32f9qx_dac.o(i.DAC2_Init), (20 bytes).
    Removing mdr32f9qx_dac.o(i.DAC2_SetData), (12 bytes).
    Removing mdr32f9qx_dac.o(i.DAC_DeInit), (16 bytes).
    Removing mdr32f9qx_dac.o(i.DAC_Init), (28 bytes).
    Removing mdr32f9qx_dma.o(.rev16_text), (4 bytes).
    Removing mdr32f9qx_dma.o(.revsh_text), (4 bytes).
    Removing mdr32f9qx_dma.o(i.DMA_ClearError), (12 bytes).
    Removing mdr32f9qx_dma.o(i.DMA_Cmd), (28 bytes).
    Removing mdr32f9qx_dma.o(i.DMA_CtrlDataInit), (112 bytes).
    Removing mdr32f9qx_dma.o(i.DMA_CtrlInit), (52 bytes).
    Removing mdr32f9qx_dma.o(i.DMA_DeInit), (32 bytes).
    Removing mdr32f9qx_dma.o(i.DMA_GetCurrTransferCounter), (40 bytes).
    Removing mdr32f9qx_dma.o(i.DMA_GetFlagStatus), (172 bytes).
    Removing mdr32f9qx_dma.o(i.DMA_Init), (148 bytes).
    Removing mdr32f9qx_dma.o(i.DMA_Request), (16 bytes).
    Removing mdr32f9qx_dma.o(i.DMA_SG_CtrlInit), (20 bytes).
    Removing mdr32f9qx_dma.o(i.DMA_SG_Init), (164 bytes).
    Removing mdr32f9qx_dma.o(i.DMA_SG_StructInit), (18 bytes).
    Removing mdr32f9qx_dma.o(i.DMA_StructInit), (16 bytes).
    Removing mdr32f9qx_dma.o(.bss), (1024 bytes).
    Removing mdr32f9qx_ebc.o(.rev16_text), (4 bytes).
    Removing mdr32f9qx_ebc.o(.revsh_text), (4 bytes).
    Removing mdr32f9qx_ebc.o(i.EBC_CalcNandCycles), (60 bytes).
    Removing mdr32f9qx_ebc.o(i.EBC_CalcWaitStates), (72 bytes).
    Removing mdr32f9qx_ebc.o(i.EBC_DeInit), (16 bytes).
    Removing mdr32f9qx_ebc.o(i.EBC_GetBusyStatus), (24 bytes).
    Removing mdr32f9qx_ebc.o(i.EBC_Init), (64 bytes).
    Removing mdr32f9qx_ebc.o(i.EBC_StructInit), (24 bytes).
    Removing mdr32f9qx_port.o(.rev16_text), (4 bytes).
    Removing mdr32f9qx_port.o(.revsh_text), (4 bytes).
    Removing mdr32f9qx_port.o(i.PORT_DeInit), (20 bytes).
    Removing mdr32f9qx_port.o(i.PORT_ReadInputData), (6 bytes).
    Removing mdr32f9qx_port.o(i.PORT_ReadInputDataBit), (16 bytes).
    Removing mdr32f9qx_port.o(i.PORT_StructInit), (28 bytes).
    Removing mdr32f9qx_port.o(i.PORT_Write), (24 bytes).
    Removing mdr32f9qx_port.o(i.PORT_WriteBit), (44 bytes).
    Removing mdr32f9qx_power.o(.rev16_text), (4 bytes).
    Removing mdr32f9qx_power.o(.revsh_text), (4 bytes).
    Removing mdr32f9qx_power.o(i.POWER_ClearFlag), (16 bytes).
    Removing mdr32f9qx_power.o(i.POWER_DUccMode), (24 bytes).
    Removing mdr32f9qx_power.o(i.POWER_DUccStandby), (12 bytes).
    Removing mdr32f9qx_power.o(i.POWER_DUccTrim), (24 bytes).
    Removing mdr32f9qx_power.o(i.POWER_DeInit), (12 bytes).
    Removing mdr32f9qx_power.o(i.POWER_EnterSTANDBYMode), (32 bytes).
    Removing mdr32f9qx_power.o(i.POWER_EnterSTOPMode), (80 bytes).
    Removing mdr32f9qx_power.o(i.POWER_FlagPORstatus), (16 bytes).
    Removing mdr32f9qx_power.o(i.POWER_GetFlagStatus), (24 bytes).
    Removing mdr32f9qx_power.o(i.POWER_PVBDlevelConfig), (28 bytes).
    Removing mdr32f9qx_power.o(i.POWER_PVD_INVconfig), (32 bytes).
    Removing mdr32f9qx_power.o(i.POWER_PVD_ITconfig), (32 bytes).
    Removing mdr32f9qx_power.o(i.POWER_PVDenable), (12 bytes).
    Removing mdr32f9qx_power.o(i.POWER_PVDlevelConfig), (28 bytes).
    Removing mdr32f9qx_power.o(i.POWER_SetFlagPOR), (12 bytes).
    Removing mdr32f9qx_rst_clk.o(.rev16_text), (4 bytes).
    Removing mdr32f9qx_rst_clk.o(.revsh_text), (4 bytes).
    Removing mdr32f9qx_rst_clk.o(i.RST_CLK_ADCclkEnable), (12 bytes).
    Removing mdr32f9qx_rst_clk.o(i.RST_CLK_ADCclkPrescaler), (24 bytes).
    Removing mdr32f9qx_rst_clk.o(i.RST_CLK_ADCclkSelection), (20 bytes).
    Removing mdr32f9qx_rst_clk.o(i.RST_CLK_CPU_PLLcmd), (12 bytes).
    Removing mdr32f9qx_rst_clk.o(i.RST_CLK_CPU_PLLconfig), (64 bytes).
    Removing mdr32f9qx_rst_clk.o(i.RST_CLK_CPU_PLLstatus), (52 bytes).
    Removing mdr32f9qx_rst_clk.o(i.RST_CLK_CPU_PLLuse), (12 bytes).
    Removing mdr32f9qx_rst_clk.o(i.RST_CLK_CPUclkPrescaler), (24 bytes).
    Removing mdr32f9qx_rst_clk.o(i.RST_CLK_CPUclkSelection), (20 bytes).
    Removing mdr32f9qx_rst_clk.o(i.RST_CLK_DeInit), (44 bytes).
    Removing mdr32f9qx_rst_clk.o(i.RST_CLK_GetClocksFreq), (628 bytes).
    Removing mdr32f9qx_rst_clk.o(i.RST_CLK_GetFlagStatus), (52 bytes).
    Removing mdr32f9qx_rst_clk.o(i.RST_CLK_HSEclkPrescaler), (20 bytes).
    Removing mdr32f9qx_rst_clk.o(i.RST_CLK_HSEconfig), (60 bytes).
    Removing mdr32f9qx_rst_clk.o(i.RST_CLK_HSEstatus), (52 bytes).
    Removing mdr32f9qx_rst_clk.o(i.RST_CLK_HSIadjust), (24 bytes).
    Removing mdr32f9qx_rst_clk.o(i.RST_CLK_HSIclkPrescaler), (24 bytes).
    Removing mdr32f9qx_rst_clk.o(i.RST_CLK_HSIcmd), (12 bytes).
    Removing mdr32f9qx_rst_clk.o(i.RST_CLK_HSIstatus), (52 bytes).
    Removing mdr32f9qx_rst_clk.o(i.RST_CLK_LSEconfig), (60 bytes).
    Removing mdr32f9qx_rst_clk.o(i.RST_CLK_LSEstatus), (52 bytes).
    Removing mdr32f9qx_rst_clk.o(i.RST_CLK_LSIadjust), (24 bytes).
    Removing mdr32f9qx_rst_clk.o(i.RST_CLK_LSIcmd), (12 bytes).
    Removing mdr32f9qx_rst_clk.o(i.RST_CLK_LSIstatus), (52 bytes).
    Removing mdr32f9qx_rst_clk.o(i.RST_CLK_RTC_HSEclkEnable), (12 bytes).
    Removing mdr32f9qx_rst_clk.o(i.RST_CLK_RTC_HSIclkEnable), (12 bytes).
    Removing mdr32f9qx_rst_clk.o(i.RST_CLK_USB_PLLcmd), (12 bytes).
    Removing mdr32f9qx_rst_clk.o(i.RST_CLK_USB_PLLconfig), (64 bytes).
    Removing mdr32f9qx_rst_clk.o(i.RST_CLK_USB_PLLstatus), (52 bytes).
    Removing mdr32f9qx_rst_clk.o(i.RST_CLK_USB_PLLuse), (12 bytes).
    Removing mdr32f9qx_rst_clk.o(i.RST_CLK_USBclkEnable), (12 bytes).
    Removing mdr32f9qx_rst_clk.o(i.RST_CLK_USBclkPrescaler), (12 bytes).
    Removing mdr32f9qx_rst_clk.o(i.RST_CLK_WarmDeInit), (84 bytes).
    Removing mdr32f9qx_timer.o(.rev16_text), (4 bytes).
    Removing mdr32f9qx_timer.o(.revsh_text), (4 bytes).
    Removing mdr32f9qx_timer.o(i.TIMER_BRGInit), (84 bytes).
    Removing mdr32f9qx_timer.o(i.TIMER_BRKPolarityConfig), (14 bytes).
    Removing mdr32f9qx_timer.o(i.TIMER_ChnBRKResetConfig), (24 bytes).
    Removing mdr32f9qx_timer.o(i.TIMER_ChnCCR1_Cmd), (30 bytes).
    Removing mdr32f9qx_timer.o(i.TIMER_ChnCCR1_EventSourceConfig), (24 bytes).
    Removing mdr32f9qx_timer.o(i.TIMER_ChnCapturePrescalerConfig), (26 bytes).
    Removing mdr32f9qx_timer.o(i.TIMER_ChnCompare1Config), (32 bytes).
    Removing mdr32f9qx_timer.o(i.TIMER_ChnCompareConfig), (32 bytes).
    Removing mdr32f9qx_timer.o(i.TIMER_ChnETRResetConfig), (24 bytes).
    Removing mdr32f9qx_timer.o(i.TIMER_ChnETR_Cmd), (30 bytes).
    Removing mdr32f9qx_timer.o(i.TIMER_ChnEventSourceConfig), (24 bytes).
    Removing mdr32f9qx_timer.o(i.TIMER_ChnFilterConfig), (24 bytes).
    Removing mdr32f9qx_timer.o(i.TIMER_ChnInit), (70 bytes).
    Removing mdr32f9qx_timer.o(i.TIMER_ChnNOutConfig), (36 bytes).
    Removing mdr32f9qx_timer.o(i.TIMER_ChnNOutModeConfig), (26 bytes).
    Removing mdr32f9qx_timer.o(i.TIMER_ChnNOutPolarityConfig), (26 bytes).
    Removing mdr32f9qx_timer.o(i.TIMER_ChnNOutSourceConfig), (26 bytes).
    Removing mdr32f9qx_timer.o(i.TIMER_ChnOutConfig), (34 bytes).
    Removing mdr32f9qx_timer.o(i.TIMER_ChnOutDTGConfig), (20 bytes).
    Removing mdr32f9qx_timer.o(i.TIMER_ChnOutInit), (66 bytes).
    Removing mdr32f9qx_timer.o(i.TIMER_ChnOutModeConfig), (24 bytes).
    Removing mdr32f9qx_timer.o(i.TIMER_ChnOutPolarityConfig), (26 bytes).
    Removing mdr32f9qx_timer.o(i.TIMER_ChnOutSourceConfig), (26 bytes).
    Removing mdr32f9qx_timer.o(i.TIMER_ChnOutStructInit), (22 bytes).
    Removing mdr32f9qx_timer.o(i.TIMER_ChnREFFormatConfig), (24 bytes).
    Removing mdr32f9qx_timer.o(i.TIMER_ChnStructInit), (28 bytes).
    Removing mdr32f9qx_timer.o(i.TIMER_ClearFlag), (8 bytes).
    Removing mdr32f9qx_timer.o(i.TIMER_Cmd), (20 bytes).
    Removing mdr32f9qx_timer.o(i.TIMER_CntAutoreloadConfig), (18 bytes).
    Removing mdr32f9qx_timer.o(i.TIMER_CntEventSourceConfig), (14 bytes).
    Removing mdr32f9qx_timer.o(i.TIMER_CntInit), (54 bytes).
    Removing mdr32f9qx_timer.o(i.TIMER_CntStructInit), (28 bytes).
    Removing mdr32f9qx_timer.o(i.TIMER_CounterModeConfig), (14 bytes).
    Removing mdr32f9qx_timer.o(i.TIMER_DMACmd), (18 bytes).
    Removing mdr32f9qx_timer.o(i.TIMER_DeInit), (68 bytes).
    Removing mdr32f9qx_timer.o(i.TIMER_ETRFilterConfig), (16 bytes).
    Removing mdr32f9qx_timer.o(i.TIMER_ETRInputConfig), (22 bytes).
    Removing mdr32f9qx_timer.o(i.TIMER_ETRPolarityConfig), (14 bytes).
    Removing mdr32f9qx_timer.o(i.TIMER_ETRPrescalerConfig), (14 bytes).
    Removing mdr32f9qx_timer.o(i.TIMER_FilterSamplingConfig), (14 bytes).
    Removing mdr32f9qx_timer.o(i.TIMER_GetChnCapture), (18 bytes).
    Removing mdr32f9qx_timer.o(i.TIMER_GetChnCapture1), (18 bytes).
    Removing mdr32f9qx_timer.o(i.TIMER_GetChnWriteComplete), (28 bytes).
    Removing mdr32f9qx_timer.o(i.TIMER_GetCntWriteComplete), (18 bytes).
    Removing mdr32f9qx_timer.o(i.TIMER_GetCounter), (8 bytes).
    Removing mdr32f9qx_timer.o(i.TIMER_GetCounterDirection), (18 bytes).
    Removing mdr32f9qx_timer.o(i.TIMER_GetFlagStatus), (16 bytes).
    Removing mdr32f9qx_timer.o(i.TIMER_GetITStatus), (24 bytes).
    Removing mdr32f9qx_timer.o(i.TIMER_GetStatus), (6 bytes).
    Removing mdr32f9qx_timer.o(i.TIMER_ITConfig), (18 bytes).
    Removing mdr32f9qx_timer.o(i.TIMER_SetChnCompare), (14 bytes).
    Removing mdr32f9qx_timer.o(i.TIMER_SetChnCompare1), (14 bytes).
    Removing mdr32f9qx_timer.o(i.TIMER_SetCntAutoreload), (4 bytes).
    Removing mdr32f9qx_timer.o(i.TIMER_SetCntPrescaler), (4 bytes).
    Removing mdr32f9qx_timer.o(i.TIMER_SetCounter), (4 bytes).
    Removing mdr32f9qx_timer.o(i.TIMER_SetCounterDirection), (14 bytes).
    Removing mdr32f9qx_uart.o(.rev16_text), (4 bytes).
    Removing mdr32f9qx_uart.o(.revsh_text), (4 bytes).
    Removing mdr32f9qx_uart.o(i.UART_BRGInit), (60 bytes).
    Removing mdr32f9qx_uart.o(i.UART_BreakLine), (24 bytes).
    Removing mdr32f9qx_uart.o(i.UART_ClearITPendingBit), (8 bytes).
    Removing mdr32f9qx_uart.o(i.UART_Cmd), (24 bytes).
    Removing mdr32f9qx_uart.o(i.UART_DMACmd), (24 bytes).
    Removing mdr32f9qx_uart.o(i.UART_DMAConfig), (8 bytes).
    Removing mdr32f9qx_uart.o(i.UART_DeInit), (38 bytes).
    Removing mdr32f9qx_uart.o(i.UART_GetFlagStatus), (16 bytes).
    Removing mdr32f9qx_uart.o(i.UART_GetITStatus), (18 bytes).
    Removing mdr32f9qx_uart.o(i.UART_GetITStatusMasked), (16 bytes).
    Removing mdr32f9qx_uart.o(i.UART_ITConfig), (18 bytes).
    Removing mdr32f9qx_uart.o(i.UART_Init), (176 bytes).
    Removing mdr32f9qx_uart.o(i.UART_IrDACmd), (24 bytes).
    Removing mdr32f9qx_uart.o(i.UART_IrDAConfig), (40 bytes).
    Removing mdr32f9qx_uart.o(i.UART_ReceiveData), (8 bytes).
    Removing mdr32f9qx_uart.o(i.UART_SendData), (6 bytes).
    Removing mdr32f9qx_uart.o(i.UART_StructInit), (24 bytes).

295 unused section(s) (total 13458 bytes) removed from the image.

==============================================================================

Image Symbol Table

    Local Symbols

    Symbol Name                              Value     Ov Type        Size  Object(Section)

    ../clib/angel/boardlib.s                 0x00000000   Number         0  boardinit3.o ABSOLUTE
    ../clib/angel/boardlib.s                 0x00000000   Number         0  boardshut.o ABSOLUTE
    ../clib/angel/boardlib.s                 0x00000000   Number         0  boardinit2.o ABSOLUTE
    ../clib/angel/boardlib.s                 0x00000000   Number         0  boardinit1.o ABSOLUTE
    ../clib/angel/handlers.s                 0x00000000   Number         0  __scatter_copy.o ABSOLUTE
    ../clib/angel/handlers.s                 0x00000000   Number         0  __scatter_zi.o ABSOLUTE
    ../clib/angel/kernel.s                   0x00000000   Number         0  __rtentry4.o ABSOLUTE
    ../clib/angel/kernel.s                   0x00000000   Number         0  rtexit.o ABSOLUTE
    ../clib/angel/kernel.s                   0x00000000   Number         0  __rtentry.o ABSOLUTE
    ../clib/angel/kernel.s                   0x00000000   Number         0  __rtentry2.o ABSOLUTE
    ../clib/angel/kernel.s                   0x00000000   Number         0  rtexit2.o ABSOLUTE
    ../clib/angel/rt.s                       0x00000000   Number         0  rt_locale_intlibspace.o ABSOLUTE
    ../clib/angel/rt.s                       0x00000000   Number         0  rt_ctype_table.o ABSOLUTE
    ../clib/angel/rt.s                       0x00000000   Number         0  rt_raise.o ABSOLUTE
    ../clib/angel/rt.s                       0x00000000   Number         0  rt_locale.o ABSOLUTE
    ../clib/angel/scatter.s                  0x00000000   Number         0  __scatter.o ABSOLUTE
    ../clib/angel/startup.s                  0x00000000   Number         0  __main.o ABSOLUTE
    ../clib/angel/sys.s                      0x00000000   Number         0  libspace.o ABSOLUTE
    ../clib/angel/sys.s                      0x00000000   Number         0  sys_stackheap_outer.o ABSOLUTE
    ../clib/angel/sys.s                      0x00000000   Number         0  use_no_semi.o ABSOLUTE
    ../clib/angel/sys.s                      0x00000000   Number         0  indicate_semi.o ABSOLUTE
    ../clib/angel/sysapp.c                   0x00000000   Number         0  sys_wrch.o ABSOLUTE
    ../clib/angel/sysapp.c                   0x00000000   Number         0  sys_command.o ABSOLUTE
    ../clib/angel/sysapp.c                   0x00000000   Number         0  sys_exit.o ABSOLUTE
    ../clib/armsys.c                         0x00000000   Number         0  _get_argv_nomalloc.o ABSOLUTE
    ../clib/armsys.c                         0x00000000   Number         0  argv_veneer.o ABSOLUTE
    ../clib/armsys.c                         0x00000000   Number         0  argv_veneer.o ABSOLUTE
    ../clib/armsys.c                         0x00000000   Number         0  no_argv.o ABSOLUTE
    ../clib/bigflt.c                         0x00000000   Number         0  bigflt0.o ABSOLUTE
    ../clib/btod.s                           0x00000000   Number         0  btod.o ABSOLUTE
    ../clib/heapalloc.c                      0x00000000   Number         0  hrguard.o ABSOLUTE
    ../clib/heapaux.c                        0x00000000   Number         0  heapauxi.o ABSOLUTE
    ../clib/libinit.s                        0x00000000   Number         0  libinit.o ABSOLUTE
    ../clib/libinit.s                        0x00000000   Number         0  libshutdown2.o ABSOLUTE
    ../clib/libinit.s                        0x00000000   Number         0  libinit2.o ABSOLUTE
    ../clib/libinit.s                        0x00000000   Number         0  libshutdown.o ABSOLUTE
    ../clib/locale.c                         0x00000000   Number         0  _wcrtomb.o ABSOLUTE
    ../clib/locale.s                         0x00000000   Number         0  lc_time_c.o ABSOLUTE
    ../clib/locale.s                         0x00000000   Number         0  lc_ctype_c.o ABSOLUTE
    ../clib/locale.s                         0x00000000   Number         0  lc_numeric_c.o ABSOLUTE
    ../clib/longlong.s                       0x00000000   Number         0  lludiv10.o ABSOLUTE
    ../clib/memcpset.s                       0x00000000   Number         0  rt_memclr_w.o ABSOLUTE
    ../clib/memcpset.s                       0x00000000   Number         0  strcmpv7m.o ABSOLUTE
    ../clib/misc.s                           0x00000000   Number         0  printf_stubs.o ABSOLUTE
    ../clib/printf.c                         0x00000000   Number         0  _printf_hex_ll.o ABSOLUTE
    ../clib/printf.c                         0x00000000   Number         0  _printf_hex_int_ll.o ABSOLUTE
    ../clib/printf.c                         0x00000000   Number         0  _sputc.o ABSOLUTE
    ../clib/printf.c                         0x00000000   Number         0  _printf_hex_ptr.o ABSOLUTE
    ../clib/printf.c                         0x00000000   Number         0  _printf_hex_int_ptr.o ABSOLUTE
    ../clib/printf.c                         0x00000000   Number         0  _printf_char_common.o ABSOLUTE
    ../clib/printf.c                         0x00000000   Number         0  _printf_hex_ll_ptr.o ABSOLUTE
    ../clib/printf.c                         0x00000000   Number         0  _printf_hex_int_ll_ptr.o ABSOLUTE
    ../clib/printf.c                         0x00000000   Number         0  _printf_truncate.o ABSOLUTE
    ../clib/printf.c                         0x00000000   Number         0  _printf_charcount.o ABSOLUTE
    ../clib/printf.c                         0x00000000   Number         0  _printf_fp_dec.o ABSOLUTE
    ../clib/printf.c                         0x00000000   Number         0  _printf_fp_infnan.o ABSOLUTE
    ../clib/printf.c                         0x00000000   Number         0  _printf_wctomb.o ABSOLUTE
    ../clib/printf.c                         0x00000000   Number         0  _printf_intcommon.o ABSOLUTE
    ../clib/printf.c                         0x00000000   Number         0  sprintf.o ABSOLUTE
    ../clib/printf.c                         0x00000000   Number         0  _printf_longlong_dec.o ABSOLUTE
    ../clib/printf.c                         0x00000000   Number         0  __printf_nopercent.o ABSOLUTE
    ../clib/printf.c                         0x00000000   Number         0  _printf_oct_ll.o ABSOLUTE
    ../clib/printf.c                         0x00000000   Number         0  _printf_oct_int_ll.o ABSOLUTE
    ../clib/printf.c                         0x00000000   Number         0  __2sprintf.o ABSOLUTE
    ../clib/printf.c                         0x00000000   Number         0  _printf_wchar.o ABSOLUTE
    ../clib/printf.c                         0x00000000   Number         0  _printf_oct_int.o ABSOLUTE
    ../clib/printf.c                         0x00000000   Number         0  _printf_fp_hex.o ABSOLUTE
    ../clib/printf.c                         0x00000000   Number         0  __printf_flags_ss_wp.o ABSOLUTE
    ../clib/printf.c                         0x00000000   Number         0  __printf_ss_wp.o ABSOLUTE
    ../clib/printf.c                         0x00000000   Number         0  __printf_flags_wp.o ABSOLUTE
    ../clib/printf.c                         0x00000000   Number         0  __printf_wp.o ABSOLUTE
    ../clib/printf.c                         0x00000000   Number         0  _printf_hex_int.o ABSOLUTE
    ../clib/printf.c                         0x00000000   Number         0  _printf_char.o ABSOLUTE
    ../clib/printf.c                         0x00000000   Number         0  _printf_pad.o ABSOLUTE
    ../clib/printf.c                         0x00000000   Number         0  __printf_flags_ss.o ABSOLUTE
    ../clib/printf.c                         0x00000000   Number         0  __printf_ss.o ABSOLUTE
    ../clib/printf.c                         0x00000000   Number         0  __printf_flags.o ABSOLUTE
    ../clib/printf.c                         0x00000000   Number         0  _printf_dec.o ABSOLUTE
    ../clib/printf.c                         0x00000000   Number         0  __printf.o ABSOLUTE
    ../clib/printf.c                         0x00000000   Number         0  _printf_str.o ABSOLUTE
    ../clib/printf.c                         0x00000000   Number         0  noretval__2sprintf.o ABSOLUTE
    ../clib/printf_percent.s                 0x00000000   Number         0  _printf_llx.o ABSOLUTE
    ../clib/printf_percent.s                 0x00000000   Number         0  _printf_llo.o ABSOLUTE
    ../clib/printf_percent.s                 0x00000000   Number         0  _printf_ls.o ABSOLUTE
    ../clib/printf_percent.s                 0x00000000   Number         0  _printf_f.o ABSOLUTE
    ../clib/printf_percent.s                 0x00000000   Number         0  _printf_lc.o ABSOLUTE
    ../clib/printf_percent.s                 0x00000000   Number         0  _printf_l.o ABSOLUTE
    ../clib/printf_percent.s                 0x00000000   Number         0  _printf_ll.o ABSOLUTE
    ../clib/printf_percent.s                 0x00000000   Number         0  _printf_llu.o ABSOLUTE
    ../clib/printf_percent.s                 0x00000000   Number         0  _printf_lld.o ABSOLUTE
    ../clib/printf_percent.s                 0x00000000   Number         0  _printf_lli.o ABSOLUTE
    ../clib/printf_percent.s                 0x00000000   Number         0  _printf_s.o ABSOLUTE
    ../clib/printf_percent.s                 0x00000000   Number         0  _printf_d.o ABSOLUTE
    ../clib/printf_percent.s                 0x00000000   Number         0  _printf_a.o ABSOLUTE
    ../clib/printf_percent.s                 0x00000000   Number         0  _printf_percent.o ABSOLUTE
    ../clib/printf_percent.s                 0x00000000   Number         0  _printf_g.o ABSOLUTE
    ../clib/printf_percent.s                 0x00000000   Number         0  _printf_e.o ABSOLUTE
    ../clib/printf_percent.s                 0x00000000   Number         0  _printf_u.o ABSOLUTE
    ../clib/printf_percent.s                 0x00000000   Number         0  _printf_i.o ABSOLUTE
    ../clib/printf_percent.s                 0x00000000   Number         0  _printf_o.o ABSOLUTE
    ../clib/printf_percent.s                 0x00000000   Number         0  _printf_p.o ABSOLUTE
    ../clib/printf_percent.s                 0x00000000   Number         0  _printf_x.o ABSOLUTE
    ../clib/printf_percent.s                 0x00000000   Number         0  _printf_n.o ABSOLUTE
    ../clib/printf_percent.s                 0x00000000   Number         0  _printf_c.o ABSOLUTE
    ../clib/printf_percent.s                 0x00000000   Number         0  _printf_percent_end.o ABSOLUTE
    ../clib/signal.c                         0x00000000   Number         0  defsig_other.o ABSOLUTE
    ../clib/signal.c                         0x00000000   Number         0  defsig_segv_inner.o ABSOLUTE
    ../clib/signal.c                         0x00000000   Number         0  defsig_cppl_inner.o ABSOLUTE
    ../clib/signal.c                         0x00000000   Number         0  defsig_fpe_inner.o ABSOLUTE
    ../clib/signal.c                         0x00000000   Number         0  defsig_abrt_inner.o ABSOLUTE
    ../clib/signal.c                         0x00000000   Number         0  defsig_general.o ABSOLUTE
    ../clib/signal.c                         0x00000000   Number         0  __raise.o ABSOLUTE
    ../clib/signal.c                         0x00000000   Number         0  defsig_rtmem_inner.o ABSOLUTE
    ../clib/signal.c                         0x00000000   Number         0  defsig_exit.o ABSOLUTE
    ../clib/signal.c                         0x00000000   Number         0  defsig_rtmem_formal.o ABSOLUTE
    ../clib/signal.c                         0x00000000   Number         0  defsig_rtmem_outer.o ABSOLUTE
    ../clib/signal.c                         0x00000000   Number         0  defsig_pvfn_inner.o ABSOLUTE
    ../clib/signal.c                         0x00000000   Number         0  defsig_rtred_inner.o ABSOLUTE
    ../clib/signal.c                         0x00000000   Number         0  defsig_stak_inner.o ABSOLUTE
    ../clib/signal.s                         0x00000000   Number         0  defsig.o ABSOLUTE
    ../clib/stdlib.c                         0x00000000   Number         0  exit.o ABSOLUTE
    ../clib/string.c                         0x00000000   Number         0  strlen.o ABSOLUTE
    ../clib/time.c                           0x00000000   Number         0  localtime.o ABSOLUTE
    ../clib/time.c                           0x00000000   Number         0  strftime.o ABSOLUTE
    ../clib/time.c                           0x00000000   Number         0  localtime_internal.o ABSOLUTE
    ../clib/time.c                           0x00000000   Number         0  _monlen.o ABSOLUTE
    ../fplib/dretinf.s                       0x00000000   Number         0  dretinf.o ABSOLUTE
    ../fplib/f2d.s                           0x00000000   Number         0  f2d.o ABSOLUTE
    ../fplib/fdiv.s                          0x00000000   Number         0  fdiv.o ABSOLUTE
    ../fplib/fflt.s                          0x00000000   Number         0  fflt_clz.o ABSOLUTE
    ../fplib/fnaninf.s                       0x00000000   Number         0  fnaninf.o ABSOLUTE
    ../fplib/fpinit.s                        0x00000000   Number         0  fpinit.o ABSOLUTE
    ../fplib/fretinf.s                       0x00000000   Number         0  fretinf.o ABSOLUTE
    ../fplib/istatus.s                       0x00000000   Number         0  istatus.o ABSOLUTE
    ../fplib/printf1.s                       0x00000000   Number         0  printf1.o ABSOLUTE
    ../fplib/printf2.s                       0x00000000   Number         0  printf2.o ABSOLUTE
    ../fplib/printf2a.s                      0x00000000   Number         0  printf2a.o ABSOLUTE
    ../fplib/printf2b.s                      0x00000000   Number         0  printf2b.o ABSOLUTE
    ../fplib/usenofp.s                       0x00000000   Number         0  usenofp.o ABSOLUTE
    ../mathlib/fpclassify.c                  0x00000000   Number         0  fpclassify.o ABSOLUTE
    C:\Users\Alexandr\AppData\Local\Arm\Packs\Keil\MDR1986BExx\1.5.2\Libraries\MDR32F9Qx_StdPeriph_Driver\src\MDR32F9Qx_adc.c 0x00000000   Number         0  mdr32f9qx_adc.o ABSOLUTE
    C:\Users\Alexandr\AppData\Local\Arm\Packs\Keil\MDR1986BExx\1.5.2\Libraries\MDR32F9Qx_StdPeriph_Driver\src\MDR32F9Qx_bkp.c 0x00000000   Number         0  mdr32f9qx_bkp.o ABSOLUTE
    C:\Users\Alexandr\AppData\Local\Arm\Packs\Keil\MDR1986BExx\1.5.2\Libraries\MDR32F9Qx_StdPeriph_Driver\src\MDR32F9Qx_can.c 0x00000000   Number         0  mdr32f9qx_can.o ABSOLUTE
    C:\Users\Alexandr\AppData\Local\Arm\Packs\Keil\MDR1986BExx\1.5.2\Libraries\MDR32F9Qx_StdPeriph_Driver\src\MDR32F9Qx_comp.c 0x00000000   Number         0  mdr32f9qx_comp.o ABSOLUTE
    C:\Users\Alexandr\AppData\Local\Arm\Packs\Keil\MDR1986BExx\1.5.2\Libraries\MDR32F9Qx_StdPeriph_Driver\src\MDR32F9Qx_dac.c 0x00000000   Number         0  mdr32f9qx_dac.o ABSOLUTE
    C:\Users\Alexandr\AppData\Local\Arm\Packs\Keil\MDR1986BExx\1.5.2\Libraries\MDR32F9Qx_StdPeriph_Driver\src\MDR32F9Qx_dma.c 0x00000000   Number         0  mdr32f9qx_dma.o ABSOLUTE
    C:\Users\Alexandr\AppData\Local\Arm\Packs\Keil\MDR1986BExx\1.5.2\Libraries\MDR32F9Qx_StdPeriph_Driver\src\MDR32F9Qx_ebc.c 0x00000000   Number         0  mdr32f9qx_ebc.o ABSOLUTE
    C:\Users\Alexandr\AppData\Local\Arm\Packs\Keil\MDR1986BExx\1.5.2\Libraries\MDR32F9Qx_StdPeriph_Driver\src\MDR32F9Qx_port.c 0x00000000   Number         0  mdr32f9qx_port.o ABSOLUTE
    C:\Users\Alexandr\AppData\Local\Arm\Packs\Keil\MDR1986BExx\1.5.2\Libraries\MDR32F9Qx_StdPeriph_Driver\src\MDR32F9Qx_power.c 0x00000000   Number         0  mdr32f9qx_power.o ABSOLUTE
    C:\Users\Alexandr\AppData\Local\Arm\Packs\Keil\MDR1986BExx\1.5.2\Libraries\MDR32F9Qx_StdPeriph_Driver\src\MDR32F9Qx_rst_clk.c 0x00000000   Number         0  mdr32f9qx_rst_clk.o ABSOLUTE
    C:\Users\Alexandr\AppData\Local\Arm\Packs\Keil\MDR1986BExx\1.5.2\Libraries\MDR32F9Qx_StdPeriph_Driver\src\MDR32F9Qx_timer.c 0x00000000   Number         0  mdr32f9qx_timer.o ABSOLUTE
    C:\Users\Alexandr\AppData\Local\Arm\Packs\Keil\MDR1986BExx\1.5.2\Libraries\MDR32F9Qx_StdPeriph_Driver\src\MDR32F9Qx_uart.c 0x00000000   Number         0  mdr32f9qx_uart.o ABSOLUTE
    C:\\Users\\Alexandr\\AppData\\Local\\Arm\\Packs\\Keil\\MDR1986BExx\\1.5.2\\Libraries\\MDR32F9Qx_StdPeriph_Driver\\src\\MDR32F9Qx_adc.c 0x00000000   Number         0  mdr32f9qx_adc.o ABSOLUTE
    C:\\Users\\Alexandr\\AppData\\Local\\Arm\\Packs\\Keil\\MDR1986BExx\\1.5.2\\Libraries\\MDR32F9Qx_StdPeriph_Driver\\src\\MDR32F9Qx_bkp.c 0x00000000   Number         0  mdr32f9qx_bkp.o ABSOLUTE
    C:\\Users\\Alexandr\\AppData\\Local\\Arm\\Packs\\Keil\\MDR1986BExx\\1.5.2\\Libraries\\MDR32F9Qx_StdPeriph_Driver\\src\\MDR32F9Qx_can.c 0x00000000   Number         0  mdr32f9qx_can.o ABSOLUTE
    C:\\Users\\Alexandr\\AppData\\Local\\Arm\\Packs\\Keil\\MDR1986BExx\\1.5.2\\Libraries\\MDR32F9Qx_StdPeriph_Driver\\src\\MDR32F9Qx_comp.c 0x00000000   Number         0  mdr32f9qx_comp.o ABSOLUTE
    C:\\Users\\Alexandr\\AppData\\Local\\Arm\\Packs\\Keil\\MDR1986BExx\\1.5.2\\Libraries\\MDR32F9Qx_StdPeriph_Driver\\src\\MDR32F9Qx_dac.c 0x00000000   Number         0  mdr32f9qx_dac.o ABSOLUTE
    C:\\Users\\Alexandr\\AppData\\Local\\Arm\\Packs\\Keil\\MDR1986BExx\\1.5.2\\Libraries\\MDR32F9Qx_StdPeriph_Driver\\src\\MDR32F9Qx_dma.c 0x00000000   Number         0  mdr32f9qx_dma.o ABSOLUTE
    C:\\Users\\Alexandr\\AppData\\Local\\Arm\\Packs\\Keil\\MDR1986BExx\\1.5.2\\Libraries\\MDR32F9Qx_StdPeriph_Driver\\src\\MDR32F9Qx_ebc.c 0x00000000   Number         0  mdr32f9qx_ebc.o ABSOLUTE
    C:\\Users\\Alexandr\\AppData\\Local\\Arm\\Packs\\Keil\\MDR1986BExx\\1.5.2\\Libraries\\MDR32F9Qx_StdPeriph_Driver\\src\\MDR32F9Qx_port.c 0x00000000   Number         0  mdr32f9qx_port.o ABSOLUTE
    C:\\Users\\Alexandr\\AppData\\Local\\Arm\\Packs\\Keil\\MDR1986BExx\\1.5.2\\Libraries\\MDR32F9Qx_StdPeriph_Driver\\src\\MDR32F9Qx_power.c 0x00000000   Number         0  mdr32f9qx_power.o ABSOLUTE
    C:\\Users\\Alexandr\\AppData\\Local\\Arm\\Packs\\Keil\\MDR1986BExx\\1.5.2\\Libraries\\MDR32F9Qx_StdPeriph_Driver\\src\\MDR32F9Qx_rst_clk.c 0x00000000   Number         0  mdr32f9qx_rst_clk.o ABSOLUTE
    C:\\Users\\Alexandr\\AppData\\Local\\Arm\\Packs\\Keil\\MDR1986BExx\\1.5.2\\Libraries\\MDR32F9Qx_StdPeriph_Driver\\src\\MDR32F9Qx_timer.c 0x00000000   Number         0  mdr32f9qx_timer.o ABSOLUTE
    C:\\Users\\Alexandr\\AppData\\Local\\Arm\\Packs\\Keil\\MDR1986BExx\\1.5.2\\Libraries\\MDR32F9Qx_StdPeriph_Driver\\src\\MDR32F9Qx_uart.c 0x00000000   Number         0  mdr32f9qx_uart.o ABSOLUTE
    RTE\Device\MDR1986BE92\startup_MDR32F9Qx.s 0x00000000   Number         0  startup_mdr32f9qx.o ABSOLUTE
    RTE\Device\MDR1986BE92\system_MDR32F9Qx.c 0x00000000   Number         0  system_mdr32f9qx.o ABSOLUTE
    RTE\\Device\\MDR1986BE92\\system_MDR32F9Qx.c 0x00000000   Number         0  system_mdr32f9qx.o ABSOLUTE
    dc.s                                     0x00000000   Number         0  dc.o ABSOLUTE
    user\\lcd.c                              0x00000000   Number         0  lcd.o ABSOLUTE
    user\\main.c                             0x00000000   Number         0  main.o ABSOLUTE
    user\\mlt_lcd.c                          0x00000000   Number         0  mlt_lcd.o ABSOLUTE
    user\\rst.c                              0x00000000   Number         0  rst.o ABSOLUTE
    user\lcd.c                               0x00000000   Number         0  lcd.o ABSOLUTE
    user\main.c                              0x00000000   Number         0  main.o ABSOLUTE
    user\mlt_lcd.c                           0x00000000   Number         0  mlt_lcd.o ABSOLUTE
    user\rst.c                               0x00000000   Number         0  rst.o ABSOLUTE
    RESET                                    0x08000000   Section      192  startup_mdr32f9qx.o(RESET)
    !!!main                                  0x080000c0   Section        8  __main.o(!!!main)
    !!!scatter                               0x080000c8   Section       52  __scatter.o(!!!scatter)
    !!handler_copy                           0x080000fc   Section       26  __scatter_copy.o(!!handler_copy)
    !!handler_zi                             0x08000118   Section       28  __scatter_zi.o(!!handler_zi)
    .ARM.Collect$$_printf_percent$$00000000  0x08000134   Section        0  _printf_percent.o(.ARM.Collect$$_printf_percent$$00000000)
    .ARM.Collect$$_printf_percent$$00000003  0x08000134   Section        6  _printf_f.o(.ARM.Collect$$_printf_percent$$00000003)
    .ARM.Collect$$_printf_percent$$00000017  0x0800013a   Section        4  _printf_percent_end.o(.ARM.Collect$$_printf_percent$$00000017)
    .ARM.Collect$$libinit$$00000000          0x0800013e   Section        2  libinit.o(.ARM.Collect$$libinit$$00000000)
    .ARM.Collect$$libinit$$00000002          0x08000140   Section        0  libinit2.o(.ARM.Collect$$libinit$$00000002)
    .ARM.Collect$$libinit$$00000004          0x08000140   Section        0  libinit2.o(.ARM.Collect$$libinit$$00000004)
    .ARM.Collect$$libinit$$0000000A          0x08000140   Section        0  libinit2.o(.ARM.Collect$$libinit$$0000000A)
    .ARM.Collect$$libinit$$0000000C          0x08000140   Section        0  libinit2.o(.ARM.Collect$$libinit$$0000000C)
    .ARM.Collect$$libinit$$0000000E          0x08000140   Section        0  libinit2.o(.ARM.Collect$$libinit$$0000000E)
    .ARM.Collect$$libinit$$0000000F          0x08000140   Section        6  libinit2.o(.ARM.Collect$$libinit$$0000000F)
    .ARM.Collect$$libinit$$00000011          0x08000146   Section        0  libinit2.o(.ARM.Collect$$libinit$$00000011)
    .ARM.Collect$$libinit$$00000013          0x08000146   Section        0  libinit2.o(.ARM.Collect$$libinit$$00000013)
    .ARM.Collect$$libinit$$00000015          0x08000146   Section        0  libinit2.o(.ARM.Collect$$libinit$$00000015)
    .ARM.Collect$$libinit$$00000016          0x08000146   Section       10  libinit2.o(.ARM.Collect$$libinit$$00000016)
    .ARM.Collect$$libinit$$00000017          0x08000150   Section        0  libinit2.o(.ARM.Collect$$libinit$$00000017)
    .ARM.Collect$$libinit$$00000019          0x08000150   Section        0  libinit2.o(.ARM.Collect$$libinit$$00000019)
    .ARM.Collect$$libinit$$0000001B          0x08000150   Section        0  libinit2.o(.ARM.Collect$$libinit$$0000001B)
    .ARM.Collect$$libinit$$0000001D          0x08000150   Section        0  libinit2.o(.ARM.Collect$$libinit$$0000001D)
    .ARM.Collect$$libinit$$0000001F          0x08000150   Section        0  libinit2.o(.ARM.Collect$$libinit$$0000001F)
    .ARM.Collect$$libinit$$00000021          0x08000150   Section        0  libinit2.o(.ARM.Collect$$libinit$$00000021)
    .ARM.Collect$$libinit$$00000023          0x08000150   Section        0  libinit2.o(.ARM.Collect$$libinit$$00000023)
    .ARM.Collect$$libinit$$00000025          0x08000150   Section        0  libinit2.o(.ARM.Collect$$libinit$$00000025)
    .ARM.Collect$$libinit$$0000002C          0x08000150   Section        0  libinit2.o(.ARM.Collect$$libinit$$0000002C)
    .ARM.Collect$$libinit$$0000002E          0x08000150   Section        0  libinit2.o(.ARM.Collect$$libinit$$0000002E)
    .ARM.Collect$$libinit$$00000030          0x08000150   Section        0  libinit2.o(.ARM.Collect$$libinit$$00000030)
    .ARM.Collect$$libinit$$00000032          0x08000150   Section        0  libinit2.o(.ARM.Collect$$libinit$$00000032)
    .ARM.Collect$$libinit$$00000033          0x08000150   Section        2  libinit2.o(.ARM.Collect$$libinit$$00000033)
    .ARM.Collect$$libshutdown$$00000000      0x08000152   Section        2  libshutdown.o(.ARM.Collect$$libshutdown$$00000000)
    .ARM.Collect$$libshutdown$$00000002      0x08000154   Section        0  libshutdown2.o(.ARM.Collect$$libshutdown$$00000002)
    .ARM.Collect$$libshutdown$$00000004      0x08000154   Section        0  libshutdown2.o(.ARM.Collect$$libshutdown$$00000004)
    .ARM.Collect$$libshutdown$$00000007      0x08000154   Section        0  libshutdown2.o(.ARM.Collect$$libshutdown$$00000007)
    .ARM.Collect$$libshutdown$$0000000A      0x08000154   Section        0  libshutdown2.o(.ARM.Collect$$libshutdown$$0000000A)
    .ARM.Collect$$libshutdown$$0000000C      0x08000154   Section        0  libshutdown2.o(.ARM.Collect$$libshutdown$$0000000C)
    .ARM.Collect$$libshutdown$$0000000F      0x08000154   Section        0  libshutdown2.o(.ARM.Collect$$libshutdown$$0000000F)
    .ARM.Collect$$libshutdown$$00000010      0x08000154   Section        2  libshutdown2.o(.ARM.Collect$$libshutdown$$00000010)
    .ARM.Collect$$rtentry$$00000000          0x08000156   Section        0  __rtentry.o(.ARM.Collect$$rtentry$$00000000)
    .ARM.Collect$$rtentry$$00000002          0x08000156   Section        0  __rtentry2.o(.ARM.Collect$$rtentry$$00000002)
    .ARM.Collect$$rtentry$$00000004          0x08000156   Section        6  __rtentry4.o(.ARM.Collect$$rtentry$$00000004)
    .ARM.Collect$$rtentry$$00000009          0x0800015c   Section        0  __rtentry2.o(.ARM.Collect$$rtentry$$00000009)
    .ARM.Collect$$rtentry$$0000000A          0x0800015c   Section        4  __rtentry2.o(.ARM.Collect$$rtentry$$0000000A)
    .ARM.Collect$$rtentry$$0000000C          0x08000160   Section        0  __rtentry2.o(.ARM.Collect$$rtentry$$0000000C)
    .ARM.Collect$$rtentry$$0000000D          0x08000160   Section        8  __rtentry2.o(.ARM.Collect$$rtentry$$0000000D)
    .ARM.Collect$$rtexit$$00000000           0x08000168   Section        2  rtexit.o(.ARM.Collect$$rtexit$$00000000)
    .ARM.Collect$$rtexit$$00000002           0x0800016a   Section        0  rtexit2.o(.ARM.Collect$$rtexit$$00000002)
    .ARM.Collect$$rtexit$$00000003           0x0800016a   Section        4  rtexit2.o(.ARM.Collect$$rtexit$$00000003)
    .ARM.Collect$$rtexit$$00000004           0x0800016e   Section        6  rtexit2.o(.ARM.Collect$$rtexit$$00000004)
    .text                                    0x08000174   Section       64  startup_mdr32f9qx.o(.text)
    .text                                    0x080001b4   Section        0  __2sprintf.o(.text)
    .text                                    0x080001e0   Section        0  _printf_pad.o(.text)
    .text                                    0x08000230   Section        0  __printf_flags_ss_wp.o(.text)
    .text                                    0x080003b8   Section        0  heapauxi.o(.text)
    .text                                    0x080003c0   Section        8  rt_locale_intlibspace.o(.text)
    .text                                    0x080003c8   Section        0  _printf_fp_dec.o(.text)
    _fp_digits                               0x080003cb   Thumb Code   432  _printf_fp_dec.o(.text)
    .text                                    0x080007e8   Section        0  _printf_char_common.o(.text)
    _printf_input_char                       0x080007e9   Thumb Code    10  _printf_char_common.o(.text)
    .text                                    0x08000818   Section        0  _sputc.o(.text)
    .text                                    0x08000824   Section        8  libspace.o(.text)
    .text                                    0x0800082c   Section      138  lludiv10.o(.text)
    .text                                    0x080008b8   Section        0  _printf_fp_infnan.o(.text)
    .text                                    0x08000938   Section        0  bigflt0.o(.text)
    .text                                    0x08000a1c   Section      128  strcmpv7m.o(.text)
    .text                                    0x08000a9c   Section       74  sys_stackheap_outer.o(.text)
    .text                                    0x08000ae6   Section        0  exit.o(.text)
    .text                                    0x08000af8   Section        0  sys_exit.o(.text)
    .text                                    0x08000b04   Section        2  use_no_semi.o(.text)
    .text                                    0x08000b06   Section        0  indicate_semi.o(.text)
    CL$$btod_d2e                             0x08000b06   Section       62  btod.o(CL$$btod_d2e)
    CL$$btod_d2e_denorm_low                  0x08000b44   Section       70  btod.o(CL$$btod_d2e_denorm_low)
    CL$$btod_d2e_norm_op1                    0x08000b8a   Section       96  btod.o(CL$$btod_d2e_norm_op1)
    CL$$btod_div_common                      0x08000bea   Section      824  btod.o(CL$$btod_div_common)
    CL$$btod_e2e                             0x08000f22   Section      220  btod.o(CL$$btod_e2e)
    CL$$btod_ediv                            0x08000ffe   Section       42  btod.o(CL$$btod_ediv)
    CL$$btod_emul                            0x08001028   Section       42  btod.o(CL$$btod_emul)
    CL$$btod_mult_common                     0x08001052   Section      580  btod.o(CL$$btod_mult_common)
    i.ADC1Init                               0x08001296   Section        0  main.o(i.ADC1Init)
    i.ADC1_Cmd                               0x080012b4   Section        0  mdr32f9qx_adc.o(i.ADC1_Cmd)
    i.ADC1_GetFlagStatus                     0x080012d0   Section        0  mdr32f9qx_adc.o(i.ADC1_GetFlagStatus)
    i.ADC1_GetResult                         0x080012e8   Section        0  mdr32f9qx_adc.o(i.ADC1_GetResult)
    i.ADC1_Init                              0x080012f4   Section        0  mdr32f9qx_adc.o(i.ADC1_Init)
    i.ADC1_Start                             0x08001350   Section        0  mdr32f9qx_adc.o(i.ADC1_Start)
    i.ADCInit                                0x08001364   Section        0  main.o(i.ADCInit)
    i.ADC_Init                               0x08001380   Section        0  mdr32f9qx_adc.o(i.ADC_Init)
    i.ADC_StructInit                         0x080013c0   Section        0  mdr32f9qx_adc.o(i.ADC_StructInit)
    i.ADCx_StructInit                        0x080013d2   Section        0  mdr32f9qx_adc.o(i.ADCx_StructInit)
    i.PORT_Init                              0x080013f0   Section        0  mdr32f9qx_port.o(i.PORT_Init)
    i.PORT_ResetBits                         0x080015b8   Section        0  mdr32f9qx_port.o(i.PORT_ResetBits)
    i.PORT_SetBits                           0x080015d4   Section        0  mdr32f9qx_port.o(i.PORT_SetBits)
    i.RST_CLK_PCLKcmd                        0x080015f0   Section        0  mdr32f9qx_rst_clk.o(i.RST_CLK_PCLKcmd)
    i.SystemCoreClockUpdate                  0x08001610   Section        0  system_mdr32f9qx.o(i.SystemCoreClockUpdate)
    i.SystemInit                             0x080016a0   Section        0  system_mdr32f9qx.o(i.SystemInit)
    i.U_MLT_Clear_Chip                       0x080016e0   Section        0  mlt_lcd.o(i.U_MLT_Clear_Chip)
    i.U_MLT_Clear_Page                       0x080016f8   Section        0  mlt_lcd.o(i.U_MLT_Clear_Page)
    i.U_MLT_Delay                            0x08001732   Section        0  mlt_lcd.o(i.U_MLT_Delay)
    i.U_MLT_Disp_On                          0x08001744   Section        0  mlt_lcd.o(i.U_MLT_Disp_On)
    i.U_MLT_Init                             0x08001810   Section        0  mlt_lcd.o(i.U_MLT_Init)
    i.U_MLT_LCD_Init                         0x08001878   Section        0  mlt_lcd.o(i.U_MLT_LCD_Init)
    i.U_MLT_Pin_Cfg                          0x080018bc   Section        0  mlt_lcd.o(i.U_MLT_Pin_Cfg)
    i.U_MLT_Put_Char                         0x08001948   Section        0  mlt_lcd.o(i.U_MLT_Put_Char)
    i.U_MLT_Put_Image                        0x080019cc   Section        0  mlt_lcd.o(i.U_MLT_Put_Image)
    i.U_MLT_Put_String                       0x08001a58   Section        0  mlt_lcd.o(i.U_MLT_Put_String)
    i.U_MLT_Read_Status                      0x08001a90   Section        0  mlt_lcd.o(i.U_MLT_Read_Status)
    i.U_MLT_Set_Address                      0x08001b58   Section        0  mlt_lcd.o(i.U_MLT_Set_Address)
    i.U_MLT_Set_Data_Bits                    0x08001c28   Section        0  mlt_lcd.o(i.U_MLT_Set_Data_Bits)
    i.U_MLT_Set_Page                         0x08001c6c   Section        0  mlt_lcd.o(i.U_MLT_Set_Page)
    i.U_MLT_Write_Data                       0x08001d3c   Section        0  mlt_lcd.o(i.U_MLT_Write_Data)
    i.__ARM_fpclassify                       0x08001e0c   Section        0  fpclassify.o(i.__ARM_fpclassify)
    i._is_digit                              0x08001e34   Section        0  __printf_wp.o(i._is_digit)
    i.main                                   0x08001e44   Section        0  main.o(i.main)
    locale$$code                             0x08001ee8   Section       44  lc_numeric_c.o(locale$$code)
    x$fpl$dretinf                            0x08001f14   Section       12  dretinf.o(x$fpl$dretinf)
    x$fpl$f2d                                0x08001f20   Section       86  f2d.o(x$fpl$f2d)
    x$fpl$fdiv                               0x08001f78   Section      388  fdiv.o(x$fpl$fdiv)
    _fdiv1                                   0x08001f79   Thumb Code     0  fdiv.o(x$fpl$fdiv)
    x$fpl$ffltu                              0x080020fc   Section       38  fflt_clz.o(x$fpl$ffltu)
    x$fpl$fnaninf                            0x08002122   Section      140  fnaninf.o(x$fpl$fnaninf)
    x$fpl$fretinf                            0x080021ae   Section       10  fretinf.o(x$fpl$fretinf)
    x$fpl$printf1                            0x080021b8   Section        4  printf1.o(x$fpl$printf1)
    .constdata                               0x080021bc   Section     1824  mlt_lcd.o(.constdata)
    x$fpl$usenofp                            0x080021bc   Section        0  usenofp.o(x$fpl$usenofp)
    MLT_Font                                 0x080021bc   Data        1792  mlt_lcd.o(.constdata)
    init_image                               0x080028bc   Data          32  mlt_lcd.o(.constdata)
    .constdata                               0x080028dc   Section       17  __printf_flags_ss_wp.o(.constdata)
    maptable                                 0x080028dc   Data          17  __printf_flags_ss_wp.o(.constdata)
    .constdata                               0x080028f0   Section      148  bigflt0.o(.constdata)
    tenpwrs_x                                0x080028f0   Data          60  bigflt0.o(.constdata)
    tenpwrs_i                                0x0800292c   Data          64  bigflt0.o(.constdata)
    .conststring                             0x08002984   Section       16  mlt_lcd.o(.conststring)
    locale$$data                             0x080029b4   Section       28  lc_numeric_c.o(locale$$data)
    __lcnum_c_name                           0x080029b8   Data           2  lc_numeric_c.o(locale$$data)
    __lcnum_c_start                          0x080029c0   Data           0  lc_numeric_c.o(locale$$data)
    __lcnum_c_point                          0x080029cc   Data           0  lc_numeric_c.o(locale$$data)
    __lcnum_c_thousands                      0x080029ce   Data           0  lc_numeric_c.o(locale$$data)
    __lcnum_c_grouping                       0x080029cf   Data           0  lc_numeric_c.o(locale$$data)
    __lcnum_c_end                            0x080029d0   Data           0  lc_numeric_c.o(locale$$data)
    .data                                    0x20000000   Section       12  main.o(.data)
    .data                                    0x2000000c   Section        4  mlt_lcd.o(.data)
    init_string                              0x2000000c   Data           4  mlt_lcd.o(.data)
    .data                                    0x20000010   Section        4  system_mdr32f9qx.o(.data)
    .bss                                     0x20000014   Section       17  main.o(.bss)
    .bss                                     0x20000028   Section       96  libspace.o(.bss)
    HEAP                                     0x20000088   Section      512  startup_mdr32f9qx.o(HEAP)
    Heap_Mem                                 0x20000088   Data         512  startup_mdr32f9qx.o(HEAP)
    STACK                                    0x20000288   Section     1024  startup_mdr32f9qx.o(STACK)
    Stack_Mem                                0x20000288   Data        1024  startup_mdr32f9qx.o(STACK)
    __initial_sp                             0x20000688   Data           0  startup_mdr32f9qx.o(STACK)

    Global Symbols

    Symbol Name                              Value     Ov Type        Size  Object(Section)

    BuildAttributes$$THM_ISAv4$P$D$K$B$S$PE$A:L22UL41UL21$X:L11$S22US41US21$IEEE1$IW$USESV6$~STKCKD$USESV7$~SHL$OTIME$ROPI$IEEEJ$EBA8$UX$STANDARDLIB$REQ8$PRES8$EABIv2 0x00000000   Number         0  anon$$obj.o ABSOLUTE
    __ARM_use_no_argv                        0x00000000   Number         0  main.o ABSOLUTE
    _printf_flags                            0x00000000   Number         0  printf_stubs.o ABSOLUTE
    _printf_return_value                     0x00000000   Number         0  printf_stubs.o ABSOLUTE
    _printf_sizespec                         0x00000000   Number         0  printf_stubs.o ABSOLUTE
    _printf_widthprec                        0x00000000   Number         0  printf_stubs.o ABSOLUTE
    __ARM_exceptions_init                     - Undefined Weak Reference
    __alloca_initialize                       - Undefined Weak Reference
    __arm_preinit_                            - Undefined Weak Reference
    __cpp_initialize__aeabi_                  - Undefined Weak Reference
    __cxa_finalize                            - Undefined Weak Reference
    __sigvec_lookup                           - Undefined Weak Reference
    _atexit_init                              - Undefined Weak Reference
    _call_atexit_fns                          - Undefined Weak Reference
    _clock_init                               - Undefined Weak Reference
    _fp_trap_init                             - Undefined Weak Reference
    _fp_trap_shutdown                         - Undefined Weak Reference
    _get_lc_collate                           - Undefined Weak Reference
    _get_lc_monetary                          - Undefined Weak Reference
    _getenv_init                              - Undefined Weak Reference
    _handle_redirection                       - Undefined Weak Reference
    _init_alloc                               - Undefined Weak Reference
    _init_user_alloc                          - Undefined Weak Reference
    _initio                                   - Undefined Weak Reference
    _printf_mbtowc                            - Undefined Weak Reference
    _printf_wc                                - Undefined Weak Reference
    _rand_init                                - Undefined Weak Reference
    _signal_finish                            - Undefined Weak Reference
    _signal_init                              - Undefined Weak Reference
    _terminate_alloc                          - Undefined Weak Reference
    _terminate_user_alloc                     - Undefined Weak Reference
    _terminateio                              - Undefined Weak Reference
    __Vectors_Size                           0x000000c0   Number         0  startup_mdr32f9qx.o ABSOLUTE
    __Vectors                                0x08000000   Data           4  startup_mdr32f9qx.o(RESET)
    __Vectors_End                            0x080000c0   Data           0  startup_mdr32f9qx.o(RESET)
    __main                                   0x080000c1   Thumb Code     8  __main.o(!!!main)
    __scatterload                            0x080000c9   Thumb Code     0  __scatter.o(!!!scatter)
    __scatterload_rt2                        0x080000c9   Thumb Code    44  __scatter.o(!!!scatter)
    __scatterload_rt2_thumb_only             0x080000c9   Thumb Code     0  __scatter.o(!!!scatter)
    __scatterload_null                       0x080000d7   Thumb Code     0  __scatter.o(!!!scatter)
    __scatterload_copy                       0x080000fd   Thumb Code    26  __scatter_copy.o(!!handler_copy)
    __scatterload_zeroinit                   0x08000119   Thumb Code    28  __scatter_zi.o(!!handler_zi)
    _printf_f                                0x08000135   Thumb Code     0  _printf_f.o(.ARM.Collect$$_printf_percent$$00000003)
    _printf_percent                          0x08000135   Thumb Code     0  _printf_percent.o(.ARM.Collect$$_printf_percent$$00000000)
    _printf_percent_end                      0x0800013b   Thumb Code     0  _printf_percent_end.o(.ARM.Collect$$_printf_percent$$00000017)
    __rt_lib_init                            0x0800013f   Thumb Code     0  libinit.o(.ARM.Collect$$libinit$$00000000)
    __rt_lib_init_fp_1                       0x08000141   Thumb Code     0  libinit2.o(.ARM.Collect$$libinit$$00000002)
    __rt_lib_init_heap_1                     0x08000141   Thumb Code     0  libinit2.o(.ARM.Collect$$libinit$$0000000A)
    __rt_lib_init_lc_common                  0x08000141   Thumb Code     0  libinit2.o(.ARM.Collect$$libinit$$0000000F)
    __rt_lib_init_preinit_1                  0x08000141   Thumb Code     0  libinit2.o(.ARM.Collect$$libinit$$00000004)
    __rt_lib_init_rand_1                     0x08000141   Thumb Code     0  libinit2.o(.ARM.Collect$$libinit$$0000000E)
    __rt_lib_init_user_alloc_1               0x08000141   Thumb Code     0  libinit2.o(.ARM.Collect$$libinit$$0000000C)
    __rt_lib_init_lc_collate_1               0x08000147   Thumb Code     0  libinit2.o(.ARM.Collect$$libinit$$00000011)
    __rt_lib_init_lc_ctype_1                 0x08000147   Thumb Code     0  libinit2.o(.ARM.Collect$$libinit$$00000013)
    __rt_lib_init_lc_monetary_1              0x08000147   Thumb Code     0  libinit2.o(.ARM.Collect$$libinit$$00000015)
    __rt_lib_init_lc_numeric_2               0x08000147   Thumb Code     0  libinit2.o(.ARM.Collect$$libinit$$00000016)
    __rt_lib_init_alloca_1                   0x08000151   Thumb Code     0  libinit2.o(.ARM.Collect$$libinit$$0000002E)
    __rt_lib_init_argv_1                     0x08000151   Thumb Code     0  libinit2.o(.ARM.Collect$$libinit$$0000002C)
    __rt_lib_init_atexit_1                   0x08000151   Thumb Code     0  libinit2.o(.ARM.Collect$$libinit$$0000001B)
    __rt_lib_init_clock_1                    0x08000151   Thumb Code     0  libinit2.o(.ARM.Collect$$libinit$$00000021)
    __rt_lib_init_cpp_1                      0x08000151   Thumb Code     0  libinit2.o(.ARM.Collect$$libinit$$00000032)
    __rt_lib_init_exceptions_1               0x08000151   Thumb Code     0  libinit2.o(.ARM.Collect$$libinit$$00000030)
    __rt_lib_init_fp_trap_1                  0x08000151   Thumb Code     0  libinit2.o(.ARM.Collect$$libinit$$0000001F)
    __rt_lib_init_getenv_1                   0x08000151   Thumb Code     0  libinit2.o(.ARM.Collect$$libinit$$00000023)
    __rt_lib_init_lc_numeric_1               0x08000151   Thumb Code     0  libinit2.o(.ARM.Collect$$libinit$$00000017)
    __rt_lib_init_lc_time_1                  0x08000151   Thumb Code     0  libinit2.o(.ARM.Collect$$libinit$$00000019)
    __rt_lib_init_return                     0x08000151   Thumb Code     0  libinit2.o(.ARM.Collect$$libinit$$00000033)
    __rt_lib_init_signal_1                   0x08000151   Thumb Code     0  libinit2.o(.ARM.Collect$$libinit$$0000001D)
    __rt_lib_init_stdio_1                    0x08000151   Thumb Code     0  libinit2.o(.ARM.Collect$$libinit$$00000025)
    __rt_lib_shutdown                        0x08000153   Thumb Code     0  libshutdown.o(.ARM.Collect$$libshutdown$$00000000)
    __rt_lib_shutdown_cpp_1                  0x08000155   Thumb Code     0  libshutdown2.o(.ARM.Collect$$libshutdown$$00000002)
    __rt_lib_shutdown_fp_trap_1              0x08000155   Thumb Code     0  libshutdown2.o(.ARM.Collect$$libshutdown$$00000007)
    __rt_lib_shutdown_heap_1                 0x08000155   Thumb Code     0  libshutdown2.o(.ARM.Collect$$libshutdown$$0000000F)
    __rt_lib_shutdown_return                 0x08000155   Thumb Code     0  libshutdown2.o(.ARM.Collect$$libshutdown$$00000010)
    __rt_lib_shutdown_signal_1               0x08000155   Thumb Code     0  libshutdown2.o(.ARM.Collect$$libshutdown$$0000000A)
    __rt_lib_shutdown_stdio_1                0x08000155   Thumb Code     0  libshutdown2.o(.ARM.Collect$$libshutdown$$00000004)
    __rt_lib_shutdown_user_alloc_1           0x08000155   Thumb Code     0  libshutdown2.o(.ARM.Collect$$libshutdown$$0000000C)
    __rt_entry                               0x08000157   Thumb Code     0  __rtentry.o(.ARM.Collect$$rtentry$$00000000)
    __rt_entry_presh_1                       0x08000157   Thumb Code     0  __rtentry2.o(.ARM.Collect$$rtentry$$00000002)
    __rt_entry_sh                            0x08000157   Thumb Code     0  __rtentry4.o(.ARM.Collect$$rtentry$$00000004)
    __rt_entry_li                            0x0800015d   Thumb Code     0  __rtentry2.o(.ARM.Collect$$rtentry$$0000000A)
    __rt_entry_postsh_1                      0x0800015d   Thumb Code     0  __rtentry2.o(.ARM.Collect$$rtentry$$00000009)
    __rt_entry_main                          0x08000161   Thumb Code     0  __rtentry2.o(.ARM.Collect$$rtentry$$0000000D)
    __rt_entry_postli_1                      0x08000161   Thumb Code     0  __rtentry2.o(.ARM.Collect$$rtentry$$0000000C)
    __rt_exit                                0x08000169   Thumb Code     0  rtexit.o(.ARM.Collect$$rtexit$$00000000)
    __rt_exit_ls                             0x0800016b   Thumb Code     0  rtexit2.o(.ARM.Collect$$rtexit$$00000003)
    __rt_exit_prels_1                        0x0800016b   Thumb Code     0  rtexit2.o(.ARM.Collect$$rtexit$$00000002)
    __rt_exit_exit                           0x0800016f   Thumb Code     0  rtexit2.o(.ARM.Collect$$rtexit$$00000004)
    Reset_Handler                            0x08000175   Thumb Code     8  startup_mdr32f9qx.o(.text)
    NMI_Handler                              0x0800017d   Thumb Code     2  startup_mdr32f9qx.o(.text)
    HardFault_Handler                        0x0800017f   Thumb Code     2  startup_mdr32f9qx.o(.text)
    MemManage_Handler                        0x08000181   Thumb Code     2  startup_mdr32f9qx.o(.text)
    BusFault_Handler                         0x08000183   Thumb Code     2  startup_mdr32f9qx.o(.text)
    UsageFault_Handler                       0x08000185   Thumb Code     2  startup_mdr32f9qx.o(.text)
    SVC_Handler                              0x08000187   Thumb Code     2  startup_mdr32f9qx.o(.text)
    DebugMon_Handler                         0x08000189   Thumb Code     2  startup_mdr32f9qx.o(.text)
    PendSV_Handler                           0x0800018b   Thumb Code     2  startup_mdr32f9qx.o(.text)
    SysTick_Handler                          0x0800018d   Thumb Code     2  startup_mdr32f9qx.o(.text)
    ADC_IRQHandler                           0x0800018f   Thumb Code     0  startup_mdr32f9qx.o(.text)
    BACKUP_IRQHandler                        0x0800018f   Thumb Code     0  startup_mdr32f9qx.o(.text)
    CAN1_IRQHandler                          0x0800018f   Thumb Code     0  startup_mdr32f9qx.o(.text)
    CAN2_IRQHandler                          0x0800018f   Thumb Code     0  startup_mdr32f9qx.o(.text)
    COMPARATOR_IRQHandler                    0x0800018f   Thumb Code     0  startup_mdr32f9qx.o(.text)
    DMA_IRQHandler                           0x0800018f   Thumb Code     0  startup_mdr32f9qx.o(.text)
    EXT_INT1_IRQHandler                      0x0800018f   Thumb Code     0  startup_mdr32f9qx.o(.text)
    EXT_INT2_IRQHandler                      0x0800018f   Thumb Code     0  startup_mdr32f9qx.o(.text)
    EXT_INT3_IRQHandler                      0x0800018f   Thumb Code     0  startup_mdr32f9qx.o(.text)
    EXT_INT4_IRQHandler                      0x0800018f   Thumb Code     0  startup_mdr32f9qx.o(.text)
    I2C_IRQHandler                           0x0800018f   Thumb Code     0  startup_mdr32f9qx.o(.text)
    POWER_IRQHandler                         0x0800018f   Thumb Code     0  startup_mdr32f9qx.o(.text)
    SSP1_IRQHandler                          0x0800018f   Thumb Code     0  startup_mdr32f9qx.o(.text)
    SSP2_IRQHandler                          0x0800018f   Thumb Code     0  startup_mdr32f9qx.o(.text)
    Timer1_IRQHandler                        0x0800018f   Thumb Code     0  startup_mdr32f9qx.o(.text)
    Timer2_IRQHandler                        0x0800018f   Thumb Code     0  startup_mdr32f9qx.o(.text)
    Timer3_IRQHandler                        0x0800018f   Thumb Code     0  startup_mdr32f9qx.o(.text)
    UART1_IRQHandler                         0x0800018f   Thumb Code     0  startup_mdr32f9qx.o(.text)
    UART2_IRQHandler                         0x0800018f   Thumb Code     0  startup_mdr32f9qx.o(.text)
    USB_IRQHandler                           0x0800018f   Thumb Code     0  startup_mdr32f9qx.o(.text)
    WWDG_IRQHandler                          0x0800018f   Thumb Code     0  startup_mdr32f9qx.o(.text)
    __user_initial_stackheap                 0x08000191   Thumb Code     0  startup_mdr32f9qx.o(.text)
    __2sprintf                               0x080001b5   Thumb Code    38  __2sprintf.o(.text)
    _printf_pre_padding                      0x080001e1   Thumb Code    44  _printf_pad.o(.text)
    _printf_post_padding                     0x0800020d   Thumb Code    34  _printf_pad.o(.text)
    __printf                                 0x08000231   Thumb Code   388  __printf_flags_ss_wp.o(.text)
    __use_two_region_memory                  0x080003b9   Thumb Code     2  heapauxi.o(.text)
    __rt_heap_escrow$2region                 0x080003bb   Thumb Code     2  heapauxi.o(.text)
    __rt_heap_expand$2region                 0x080003bd   Thumb Code     2  heapauxi.o(.text)
    __rt_locale                              0x080003c1   Thumb Code     8  rt_locale_intlibspace.o(.text)
    __lib_sel_fp_printf                      0x080003c9   Thumb Code     2  _printf_fp_dec.o(.text)
    _printf_fp_dec_real                      0x0800057b   Thumb Code   620  _printf_fp_dec.o(.text)
    _printf_char_common                      0x080007f3   Thumb Code    32  _printf_char_common.o(.text)
    _sputc                                   0x08000819   Thumb Code    10  _sputc.o(.text)
    __user_libspace                          0x08000825   Thumb Code     8  libspace.o(.text)
    __user_perproc_libspace                  0x08000825   Thumb Code     0  libspace.o(.text)
    __user_perthread_libspace                0x08000825   Thumb Code     0  libspace.o(.text)
    _ll_udiv10                               0x0800082d   Thumb Code   138  lludiv10.o(.text)
    _printf_fp_infnan                        0x080008b9   Thumb Code   112  _printf_fp_infnan.o(.text)
    _btod_etento                             0x08000939   Thumb Code   224  bigflt0.o(.text)
    strcmp                                   0x08000a1d   Thumb Code   128  strcmpv7m.o(.text)
    __user_setup_stackheap                   0x08000a9d   Thumb Code    74  sys_stackheap_outer.o(.text)
    exit                                     0x08000ae7   Thumb Code    18  exit.o(.text)
    _sys_exit                                0x08000af9   Thumb Code     8  sys_exit.o(.text)
    __I$use$semihosting                      0x08000b05   Thumb Code     0  use_no_semi.o(.text)
    __use_no_semihosting_swi                 0x08000b05   Thumb Code     2  use_no_semi.o(.text)
    __semihosting_library_function           0x08000b07   Thumb Code     0  indicate_semi.o(.text)
    _btod_d2e                                0x08000b07   Thumb Code    62  btod.o(CL$$btod_d2e)
    _d2e_denorm_low                          0x08000b45   Thumb Code    70  btod.o(CL$$btod_d2e_denorm_low)
    _d2e_norm_op1                            0x08000b8b   Thumb Code    96  btod.o(CL$$btod_d2e_norm_op1)
    __btod_div_common                        0x08000beb   Thumb Code   696  btod.o(CL$$btod_div_common)
    _e2e                                     0x08000f23   Thumb Code   220  btod.o(CL$$btod_e2e)
    _btod_ediv                               0x08000fff   Thumb Code    42  btod.o(CL$$btod_ediv)
    _btod_emul                               0x08001029   Thumb Code    42  btod.o(CL$$btod_emul)
    __btod_mult_common                       0x08001053   Thumb Code   580  btod.o(CL$$btod_mult_common)
    ADC1Init                                 0x08001297   Thumb Code    30  main.o(i.ADC1Init)
    ADC1_Cmd                                 0x080012b5   Thumb Code    24  mdr32f9qx_adc.o(i.ADC1_Cmd)
    ADC1_GetFlagStatus                       0x080012d1   Thumb Code    18  mdr32f9qx_adc.o(i.ADC1_GetFlagStatus)
    ADC1_GetResult                           0x080012e9   Thumb Code     6  mdr32f9qx_adc.o(i.ADC1_GetResult)
    ADC1_Init                                0x080012f5   Thumb Code    84  mdr32f9qx_adc.o(i.ADC1_Init)
    ADC1_Start                               0x08001351   Thumb Code    14  mdr32f9qx_adc.o(i.ADC1_Start)
    ADCInit                                  0x08001365   Thumb Code    28  main.o(i.ADCInit)
    ADC_Init                                 0x08001381   Thumb Code    52  mdr32f9qx_adc.o(i.ADC_Init)
    ADC_StructInit                           0x080013c1   Thumb Code    18  mdr32f9qx_adc.o(i.ADC_StructInit)
    ADCx_StructInit                          0x080013d3   Thumb Code    28  mdr32f9qx_adc.o(i.ADCx_StructInit)
    PORT_Init                                0x080013f1   Thumb Code   450  mdr32f9qx_port.o(i.PORT_Init)
    PORT_ResetBits                           0x080015b9   Thumb Code    22  mdr32f9qx_port.o(i.PORT_ResetBits)
    PORT_SetBits                             0x080015d5   Thumb Code    22  mdr32f9qx_port.o(i.PORT_SetBits)
    RST_CLK_PCLKcmd                          0x080015f1   Thumb Code    26  mdr32f9qx_rst_clk.o(i.RST_CLK_PCLKcmd)
    SystemCoreClockUpdate                    0x08001611   Thumb Code   130  system_mdr32f9qx.o(i.SystemCoreClockUpdate)
    SystemInit                               0x080016a1   Thumb Code    54  system_mdr32f9qx.o(i.SystemInit)
    U_MLT_Clear_Chip                         0x080016e1   Thumb Code    24  mlt_lcd.o(i.U_MLT_Clear_Chip)
    U_MLT_Clear_Page                         0x080016f9   Thumb Code    58  mlt_lcd.o(i.U_MLT_Clear_Page)
    U_MLT_Delay                              0x08001733   Thumb Code    18  mlt_lcd.o(i.U_MLT_Delay)
    U_MLT_Disp_On                            0x08001745   Thumb Code   188  mlt_lcd.o(i.U_MLT_Disp_On)
    U_MLT_Init                               0x08001811   Thumb Code    94  mlt_lcd.o(i.U_MLT_Init)
    U_MLT_LCD_Init                           0x08001879   Thumb Code    64  mlt_lcd.o(i.U_MLT_LCD_Init)
    U_MLT_Pin_Cfg                            0x080018bd   Thumb Code   120  mlt_lcd.o(i.U_MLT_Pin_Cfg)
    U_MLT_Put_Char                           0x08001949   Thumb Code   128  mlt_lcd.o(i.U_MLT_Put_Char)
    U_MLT_Put_Image                          0x080019cd   Thumb Code   140  mlt_lcd.o(i.U_MLT_Put_Image)
    U_MLT_Put_String                         0x08001a59   Thumb Code    54  mlt_lcd.o(i.U_MLT_Put_String)
    U_MLT_Read_Status                        0x08001a91   Thumb Code   182  mlt_lcd.o(i.U_MLT_Read_Status)
    U_MLT_Set_Address                        0x08001b59   Thumb Code   192  mlt_lcd.o(i.U_MLT_Set_Address)
    U_MLT_Set_Data_Bits                      0x08001c29   Thumb Code    60  mlt_lcd.o(i.U_MLT_Set_Data_Bits)
    U_MLT_Set_Page                           0x08001c6d   Thumb Code   192  mlt_lcd.o(i.U_MLT_Set_Page)
    U_MLT_Write_Data                         0x08001d3d   Thumb Code   190  mlt_lcd.o(i.U_MLT_Write_Data)
    __ARM_fpclassify                         0x08001e0d   Thumb Code    40  fpclassify.o(i.__ARM_fpclassify)
    _is_digit                                0x08001e35   Thumb Code    14  __printf_wp.o(i._is_digit)
    main                                     0x08001e45   Thumb Code   122  main.o(i.main)
    _get_lc_numeric                          0x08001ee9   Thumb Code    44  lc_numeric_c.o(locale$$code)
    __fpl_dretinf                            0x08001f15   Thumb Code    12  dretinf.o(x$fpl$dretinf)
    __aeabi_f2d                              0x08001f21   Thumb Code     0  f2d.o(x$fpl$f2d)
    _f2d                                     0x08001f21   Thumb Code    86  f2d.o(x$fpl$f2d)
    __aeabi_fdiv                             0x08001f79   Thumb Code     0  fdiv.o(x$fpl$fdiv)
    _fdiv                                    0x08001f79   Thumb Code   384  fdiv.o(x$fpl$fdiv)
    __aeabi_ui2f                             0x080020fd   Thumb Code     0  fflt_clz.o(x$fpl$ffltu)
    _ffltu                                   0x080020fd   Thumb Code    38  fflt_clz.o(x$fpl$ffltu)
    __fpl_fnaninf                            0x08002123   Thumb Code   140  fnaninf.o(x$fpl$fnaninf)
    __fpl_fretinf                            0x080021af   Thumb Code    10  fretinf.o(x$fpl$fretinf)
    _printf_fp_dec                           0x080021b9   Thumb Code     4  printf1.o(x$fpl$printf1)
    __I$use$fp                               0x080021bc   Number         0  usenofp.o(x$fpl$usenofp)
    Region$$Table$$Base                      0x08002994   Number         0  anon$$obj.o(Region$$Table)
    Region$$Table$$Limit                     0x080029b4   Number         0  anon$$obj.o(Region$$Table)
    i                                        0x20000000   Data           4  main.o(.data)
    U                                        0x20000004   Data           4  main.o(.data)
    RESULT                                   0x20000008   Data           4  main.o(.data)
    SystemCoreClock                          0x20000010   Data           4  system_mdr32f9qx.o(.data)
    stroka                                   0x20000014   Data          17  main.o(.bss)
    __libspace_start                         0x20000028   Data          96  libspace.o(.bss)
    __temporary_stack_top$libspace           0x20000088   Data           0  libspace.o(.bss)



==============================================================================

Memory Map of the image

  Image Entry point : 0x08000175

  Load Region LR_1 (Base: 0x08000000, Size: 0x000029e4, Max: 0xffffffff, ABSOLUTE)

    Execution Region ER_RO (Exec base: 0x08000000, Load base: 0x08000000, Size: 0x000029d0, Max: 0xffffffff, ABSOLUTE)

    Exec Addr    Load Addr    Size         Type   Attr      Idx    E Section Name        Object

    0x08000000   0x08000000   0x000000c0   Data   RO          283    RESET               startup_mdr32f9qx.o
    0x080000c0   0x080000c0   0x00000008   Code   RO         2151  * !!!main             c_w.l(__main.o)
    0x080000c8   0x080000c8   0x00000034   Code   RO         2468    !!!scatter          c_w.l(__scatter.o)
    0x080000fc   0x080000fc   0x0000001a   Code   RO         2470    !!handler_copy      c_w.l(__scatter_copy.o)
    0x08000116   0x08000116   0x00000002   PAD
    0x08000118   0x08000118   0x0000001c   Code   RO         2472    !!handler_zi        c_w.l(__scatter_zi.o)
    0x08000134   0x08000134   0x00000000   Code   RO         2141    .ARM.Collect$$_printf_percent$$00000000  c_w.l(_printf_percent.o)
    0x08000134   0x08000134   0x00000006   Code   RO         2140    .ARM.Collect$$_printf_percent$$00000003  c_w.l(_printf_f.o)
    0x0800013a   0x0800013a   0x00000004   Code   RO         2185    .ARM.Collect$$_printf_percent$$00000017  c_w.l(_printf_percent_end.o)
    0x0800013e   0x0800013e   0x00000002   Code   RO         2383    .ARM.Collect$$libinit$$00000000  c_w.l(libinit.o)
    0x08000140   0x08000140   0x00000000   Code   RO         2311    .ARM.Collect$$libinit$$00000002  c_w.l(libinit2.o)
    0x08000140   0x08000140   0x00000000   Code   RO         2313    .ARM.Collect$$libinit$$00000004  c_w.l(libinit2.o)
    0x08000140   0x08000140   0x00000000   Code   RO         2316    .ARM.Collect$$libinit$$0000000A  c_w.l(libinit2.o)
    0x08000140   0x08000140   0x00000000   Code   RO         2318    .ARM.Collect$$libinit$$0000000C  c_w.l(libinit2.o)
    0x08000140   0x08000140   0x00000000   Code   RO         2320    .ARM.Collect$$libinit$$0000000E  c_w.l(libinit2.o)
    0x08000140   0x08000140   0x00000006   Code   RO         2321    .ARM.Collect$$libinit$$0000000F  c_w.l(libinit2.o)
    0x08000146   0x08000146   0x00000000   Code   RO         2323    .ARM.Collect$$libinit$$00000011  c_w.l(libinit2.o)
    0x08000146   0x08000146   0x00000000   Code   RO         2325    .ARM.Collect$$libinit$$00000013  c_w.l(libinit2.o)
    0x08000146   0x08000146   0x00000000   Code   RO         2327    .ARM.Collect$$libinit$$00000015  c_w.l(libinit2.o)
    0x08000146   0x08000146   0x0000000a   Code   RO         2328    .ARM.Collect$$libinit$$00000016  c_w.l(libinit2.o)
    0x08000150   0x08000150   0x00000000   Code   RO         2329    .ARM.Collect$$libinit$$00000017  c_w.l(libinit2.o)
    0x08000150   0x08000150   0x00000000   Code   RO         2331    .ARM.Collect$$libinit$$00000019  c_w.l(libinit2.o)
    0x08000150   0x08000150   0x00000000   Code   RO         2333    .ARM.Collect$$libinit$$0000001B  c_w.l(libinit2.o)
    0x08000150   0x08000150   0x00000000   Code   RO         2335    .ARM.Collect$$libinit$$0000001D  c_w.l(libinit2.o)
    0x08000150   0x08000150   0x00000000   Code   RO         2337    .ARM.Collect$$libinit$$0000001F  c_w.l(libinit2.o)
    0x08000150   0x08000150   0x00000000   Code   RO         2339    .ARM.Collect$$libinit$$00000021  c_w.l(libinit2.o)
    0x08000150   0x08000150   0x00000000   Code   RO         2341    .ARM.Collect$$libinit$$00000023  c_w.l(libinit2.o)
    0x08000150   0x08000150   0x00000000   Code   RO         2343    .ARM.Collect$$libinit$$00000025  c_w.l(libinit2.o)
    0x08000150   0x08000150   0x00000000   Code   RO         2347    .ARM.Collect$$libinit$$0000002C  c_w.l(libinit2.o)
    0x08000150   0x08000150   0x00000000   Code   RO         2349    .ARM.Collect$$libinit$$0000002E  c_w.l(libinit2.o)
    0x08000150   0x08000150   0x00000000   Code   RO         2351    .ARM.Collect$$libinit$$00000030  c_w.l(libinit2.o)
    0x08000150   0x08000150   0x00000000   Code   RO         2353    .ARM.Collect$$libinit$$00000032  c_w.l(libinit2.o)
    0x08000150   0x08000150   0x00000002   Code   RO         2354    .ARM.Collect$$libinit$$00000033  c_w.l(libinit2.o)
    0x08000152   0x08000152   0x00000002   Code   RO         2425    .ARM.Collect$$libshutdown$$00000000  c_w.l(libshutdown.o)
    0x08000154   0x08000154   0x00000000   Code   RO         2431    .ARM.Collect$$libshutdown$$00000002  c_w.l(libshutdown2.o)
    0x08000154   0x08000154   0x00000000   Code   RO         2433    .ARM.Collect$$libshutdown$$00000004  c_w.l(libshutdown2.o)
    0x08000154   0x08000154   0x00000000   Code   RO         2436    .ARM.Collect$$libshutdown$$00000007  c_w.l(libshutdown2.o)
    0x08000154   0x08000154   0x00000000   Code   RO         2439    .ARM.Collect$$libshutdown$$0000000A  c_w.l(libshutdown2.o)
    0x08000154   0x08000154   0x00000000   Code   RO         2441    .ARM.Collect$$libshutdown$$0000000C  c_w.l(libshutdown2.o)
    0x08000154   0x08000154   0x00000000   Code   RO         2444    .ARM.Collect$$libshutdown$$0000000F  c_w.l(libshutdown2.o)
    0x08000154   0x08000154   0x00000002   Code   RO         2445    .ARM.Collect$$libshutdown$$00000010  c_w.l(libshutdown2.o)
    0x08000156   0x08000156   0x00000000   Code   RO         2167    .ARM.Collect$$rtentry$$00000000  c_w.l(__rtentry.o)
    0x08000156   0x08000156   0x00000000   Code   RO         2202    .ARM.Collect$$rtentry$$00000002  c_w.l(__rtentry2.o)
    0x08000156   0x08000156   0x00000006   Code   RO         2214    .ARM.Collect$$rtentry$$00000004  c_w.l(__rtentry4.o)
    0x0800015c   0x0800015c   0x00000000   Code   RO         2204    .ARM.Collect$$rtentry$$00000009  c_w.l(__rtentry2.o)
    0x0800015c   0x0800015c   0x00000004   Code   RO         2205    .ARM.Collect$$rtentry$$0000000A  c_w.l(__rtentry2.o)
    0x08000160   0x08000160   0x00000000   Code   RO         2207    .ARM.Collect$$rtentry$$0000000C  c_w.l(__rtentry2.o)
    0x08000160   0x08000160   0x00000008   Code   RO         2208    .ARM.Collect$$rtentry$$0000000D  c_w.l(__rtentry2.o)
    0x08000168   0x08000168   0x00000002   Code   RO         2386    .ARM.Collect$$rtexit$$00000000  c_w.l(rtexit.o)
    0x0800016a   0x0800016a   0x00000000   Code   RO         2397    .ARM.Collect$$rtexit$$00000002  c_w.l(rtexit2.o)
    0x0800016a   0x0800016a   0x00000004   Code   RO         2398    .ARM.Collect$$rtexit$$00000003  c_w.l(rtexit2.o)
    0x0800016e   0x0800016e   0x00000006   Code   RO         2399    .ARM.Collect$$rtexit$$00000004  c_w.l(rtexit2.o)
    0x08000174   0x08000174   0x00000040   Code   RO          284  * .text               startup_mdr32f9qx.o
    0x080001b4   0x080001b4   0x0000002c   Code   RO         2106    .text               c_w.l(__2sprintf.o)
    0x080001e0   0x080001e0   0x0000004e   Code   RO         2112    .text               c_w.l(_printf_pad.o)
    0x0800022e   0x0800022e   0x00000002   PAD
    0x08000230   0x08000230   0x00000188   Code   RO         2135    .text               c_w.l(__printf_flags_ss_wp.o)
    0x080003b8   0x080003b8   0x00000006   Code   RO         2149    .text               c_w.l(heapauxi.o)
    0x080003be   0x080003be   0x00000002   PAD
    0x080003c0   0x080003c0   0x00000008   Code   RO         2171    .text               c_w.l(rt_locale_intlibspace.o)
    0x080003c8   0x080003c8   0x0000041e   Code   RO         2177    .text               c_w.l(_printf_fp_dec.o)
    0x080007e6   0x080007e6   0x00000002   PAD
    0x080007e8   0x080007e8   0x00000030   Code   RO         2179    .text               c_w.l(_printf_char_common.o)
    0x08000818   0x08000818   0x0000000a   Code   RO         2181    .text               c_w.l(_sputc.o)
    0x08000822   0x08000822   0x00000002   PAD
    0x08000824   0x08000824   0x00000008   Code   RO         2198    .text               c_w.l(libspace.o)
    0x0800082c   0x0800082c   0x0000008a   Code   RO         2216    .text               c_w.l(lludiv10.o)
    0x080008b6   0x080008b6   0x00000002   PAD
    0x080008b8   0x080008b8   0x00000080   Code   RO         2222    .text               c_w.l(_printf_fp_infnan.o)
    0x08000938   0x08000938   0x000000e4   Code   RO         2277    .text               c_w.l(bigflt0.o)
    0x08000a1c   0x08000a1c   0x00000080   Code   RO         2307    .text               c_w.l(strcmpv7m.o)
    0x08000a9c   0x08000a9c   0x0000004a   Code   RO         2365    .text               c_w.l(sys_stackheap_outer.o)
    0x08000ae6   0x08000ae6   0x00000012   Code   RO         2374    .text               c_w.l(exit.o)
    0x08000af8   0x08000af8   0x0000000c   Code   RO         2412    .text               c_w.l(sys_exit.o)
    0x08000b04   0x08000b04   0x00000002   Code   RO         2414    .text               c_w.l(use_no_semi.o)
    0x08000b06   0x08000b06   0x00000000   Code   RO         2416    .text               c_w.l(indicate_semi.o)
    0x08000b06   0x08000b06   0x0000003e   Code   RO         2280    CL$$btod_d2e        c_w.l(btod.o)
    0x08000b44   0x08000b44   0x00000046   Code   RO         2282    CL$$btod_d2e_denorm_low  c_w.l(btod.o)
    0x08000b8a   0x08000b8a   0x00000060   Code   RO         2281    CL$$btod_d2e_norm_op1  c_w.l(btod.o)
    0x08000bea   0x08000bea   0x00000338   Code   RO         2290    CL$$btod_div_common  c_w.l(btod.o)
    0x08000f22   0x08000f22   0x000000dc   Code   RO         2287    CL$$btod_e2e        c_w.l(btod.o)
    0x08000ffe   0x08000ffe   0x0000002a   Code   RO         2284    CL$$btod_ediv       c_w.l(btod.o)
    0x08001028   0x08001028   0x0000002a   Code   RO         2283    CL$$btod_emul       c_w.l(btod.o)
    0x08001052   0x08001052   0x00000244   Code   RO         2289    CL$$btod_mult_common  c_w.l(btod.o)
    0x08001296   0x08001296   0x0000001e   Code   RO            3    i.ADC1Init          main.o
    0x080012b4   0x080012b4   0x0000001c   Code   RO          328    i.ADC1_Cmd          mdr32f9qx_adc.o
    0x080012d0   0x080012d0   0x00000018   Code   RO          329    i.ADC1_GetFlagStatus  mdr32f9qx_adc.o
    0x080012e8   0x080012e8   0x0000000c   Code   RO          331    i.ADC1_GetResult    mdr32f9qx_adc.o
    0x080012f4   0x080012f4   0x0000005c   Code   RO          334    i.ADC1_Init         mdr32f9qx_adc.o
    0x08001350   0x08001350   0x00000014   Code   RO          342    i.ADC1_Start        mdr32f9qx_adc.o
    0x08001364   0x08001364   0x0000001c   Code   RO            4    i.ADCInit           main.o
    0x08001380   0x08001380   0x00000040   Code   RO          366    i.ADC_Init          mdr32f9qx_adc.o
    0x080013c0   0x080013c0   0x00000012   Code   RO          368    i.ADC_StructInit    mdr32f9qx_adc.o
    0x080013d2   0x080013d2   0x0000001c   Code   RO          369    i.ADCx_StructInit   mdr32f9qx_adc.o
    0x080013ee   0x080013ee   0x00000002   PAD
    0x080013f0   0x080013f0   0x000001c8   Code   RO         1245    i.PORT_Init         mdr32f9qx_port.o
    0x080015b8   0x080015b8   0x0000001c   Code   RO         1248    i.PORT_ResetBits    mdr32f9qx_port.o
    0x080015d4   0x080015d4   0x0000001c   Code   RO         1249    i.PORT_SetBits      mdr32f9qx_port.o
    0x080015f0   0x080015f0   0x00000020   Code   RO         1443    i.RST_CLK_PCLKcmd   mdr32f9qx_rst_clk.o
    0x08001610   0x08001610   0x00000090   Code   RO          290    i.SystemCoreClockUpdate  system_mdr32f9qx.o
    0x080016a0   0x080016a0   0x00000040   Code   RO          291    i.SystemInit        system_mdr32f9qx.o
    0x080016e0   0x080016e0   0x00000018   Code   RO          102    i.U_MLT_Clear_Chip  mlt_lcd.o
    0x080016f8   0x080016f8   0x0000003a   Code   RO          103    i.U_MLT_Clear_Page  mlt_lcd.o
    0x08001732   0x08001732   0x00000012   Code   RO          104    i.U_MLT_Delay       mlt_lcd.o
    0x08001744   0x08001744   0x000000cc   Code   RO          106    i.U_MLT_Disp_On     mlt_lcd.o
    0x08001810   0x08001810   0x00000068   Code   RO          107    i.U_MLT_Init        mlt_lcd.o
    0x08001878   0x08001878   0x00000044   Code   RO          108    i.U_MLT_LCD_Init    mlt_lcd.o
    0x080018bc   0x080018bc   0x0000008c   Code   RO          109    i.U_MLT_Pin_Cfg     mlt_lcd.o
    0x08001948   0x08001948   0x00000084   Code   RO          110    i.U_MLT_Put_Char    mlt_lcd.o
    0x080019cc   0x080019cc   0x0000008c   Code   RO          111    i.U_MLT_Put_Image   mlt_lcd.o
    0x08001a58   0x08001a58   0x00000036   Code   RO          112    i.U_MLT_Put_String  mlt_lcd.o
    0x08001a8e   0x08001a8e   0x00000002   PAD
    0x08001a90   0x08001a90   0x000000c8   Code   RO          114    i.U_MLT_Read_Status  mlt_lcd.o
    0x08001b58   0x08001b58   0x000000d0   Code   RO          116    i.U_MLT_Set_Address  mlt_lcd.o
    0x08001c28   0x08001c28   0x00000044   Code   RO          117    i.U_MLT_Set_Data_Bits  mlt_lcd.o
    0x08001c6c   0x08001c6c   0x000000d0   Code   RO          118    i.U_MLT_Set_Page    mlt_lcd.o
    0x08001d3c   0x08001d3c   0x000000d0   Code   RO          119    i.U_MLT_Write_Data  mlt_lcd.o
    0x08001e0c   0x08001e0c   0x00000028   Code   RO         2363    i.__ARM_fpclassify  m_ws.l(fpclassify.o)
    0x08001e34   0x08001e34   0x0000000e   Code   RO         2128    i._is_digit         c_w.l(__printf_wp.o)
    0x08001e42   0x08001e42   0x00000002   PAD
    0x08001e44   0x08001e44   0x000000a4   Code   RO            5    i.main              main.o
    0x08001ee8   0x08001ee8   0x0000002c   Code   RO         2303    locale$$code        c_w.l(lc_numeric_c.o)
    0x08001f14   0x08001f14   0x0000000c   Code   RO         2191    x$fpl$dretinf       fz_ws.l(dretinf.o)
    0x08001f20   0x08001f20   0x00000056   Code   RO         2153    x$fpl$f2d           fz_ws.l(f2d.o)
    0x08001f76   0x08001f76   0x00000002   PAD
    0x08001f78   0x08001f78   0x00000184   Code   RO         2156    x$fpl$fdiv          fz_ws.l(fdiv.o)
    0x080020fc   0x080020fc   0x00000026   Code   RO         2159    x$fpl$ffltu         fz_ws.l(fflt_clz.o)
    0x08002122   0x08002122   0x0000008c   Code   RO         2193    x$fpl$fnaninf       fz_ws.l(fnaninf.o)
    0x080021ae   0x080021ae   0x0000000a   Code   RO         2195    x$fpl$fretinf       fz_ws.l(fretinf.o)
    0x080021b8   0x080021b8   0x00000004   Code   RO         2165    x$fpl$printf1       fz_ws.l(printf1.o)
    0x080021bc   0x080021bc   0x00000000   Code   RO         2197    x$fpl$usenofp       fz_ws.l(usenofp.o)
    0x080021bc   0x080021bc   0x00000720   Data   RO          120    .constdata          mlt_lcd.o
    0x080028dc   0x080028dc   0x00000011   Data   RO         2136    .constdata          c_w.l(__printf_flags_ss_wp.o)
    0x080028ed   0x080028ed   0x00000003   PAD
    0x080028f0   0x080028f0   0x00000094   Data   RO         2278    .constdata          c_w.l(bigflt0.o)
    0x08002984   0x08002984   0x00000010   Data   RO          121    .conststring        mlt_lcd.o
    0x08002994   0x08002994   0x00000020   Data   RO         2466    Region$$Table       anon$$obj.o
    0x080029b4   0x080029b4   0x0000001c   Data   RO         2302    locale$$data        c_w.l(lc_numeric_c.o)


    Execution Region ER_RW (Exec base: 0x20000000, Load base: 0x080029d0, Size: 0x00000014, Max: 0xffffffff, ABSOLUTE)

    Exec Addr    Load Addr    Size         Type   Attr      Idx    E Section Name        Object

    0x20000000   0x080029d0   0x0000000c   Data   RW            8    .data               main.o
    0x2000000c   0x080029dc   0x00000004   Data   RW          122    .data               mlt_lcd.o
    0x20000010   0x080029e0   0x00000004   Data   RW          292    .data               system_mdr32f9qx.o


    Execution Region ER_ZI (Exec base: 0x20000014, Load base: 0x080029e4, Size: 0x00000674, Max: 0xffffffff, ABSOLUTE)

    Exec Addr    Load Addr    Size         Type   Attr      Idx    E Section Name        Object

    0x20000014        -       0x00000011   Zero   RW            6    .bss                main.o
    0x20000025   0x080029e4   0x00000003   PAD
    0x20000028        -       0x00000060   Zero   RW         2199    .bss                c_w.l(libspace.o)
    0x20000088        -       0x00000200   Zero   RW          282    HEAP                startup_mdr32f9qx.o
    0x20000288        -       0x00000400   Zero   RW          281    STACK               startup_mdr32f9qx.o


==============================================================================

Image component sizes


      Code (inc. data)   RO Data    RW Data    ZI Data      Debug   Object Name

       222         42          0         12         17      67052   main.o
       286         42          0          0          0       5804   mdr32f9qx_adc.o
       512         18          0          0          0       3116   mdr32f9qx_port.o
        32          6          0          0          0        662   mdr32f9qx_rst_clk.o
      1834        130       1840          4          0       9514   mlt_lcd.o
        64         26        192          0       1536        820   startup_mdr32f9qx.o
       208         24          0          4          0       1411   system_mdr32f9qx.o

    ----------------------------------------------------------------------
      3162        288       2064         20       1556      88379   Object Totals
         0          0         32          0          0          0   (incl. Generated)
         4          0          0          0          3          0   (incl. Padding)

    ----------------------------------------------------------------------

      Code (inc. data)   RO Data    RW Data    ZI Data      Debug   Library Member Name

        44          6          0          0          0         84   __2sprintf.o
         8          0          0          0          0         68   __main.o
       392          4         17          0          0         92   __printf_flags_ss_wp.o
        14          0          0          0          0         68   __printf_wp.o
         0          0          0          0          0          0   __rtentry.o
        12          0          0          0          0          0   __rtentry2.o
         6          0          0          0          0          0   __rtentry4.o
        52          8          0          0          0          0   __scatter.o
        26          0          0          0          0          0   __scatter_copy.o
        28          0          0          0          0          0   __scatter_zi.o
        48          6          0          0          0         96   _printf_char_common.o
         6          0          0          0          0          0   _printf_f.o
      1054          0          0          0          0        216   _printf_fp_dec.o
       128         16          0          0          0         84   _printf_fp_infnan.o
        78          0          0          0          0        108   _printf_pad.o
         0          0          0          0          0          0   _printf_percent.o
         4          0          0          0          0          0   _printf_percent_end.o
        10          0          0          0          0         68   _sputc.o
       228          4        148          0          0         96   bigflt0.o
      1936        128          0          0          0        672   btod.o
        18          0          0          0          0         80   exit.o
         6          0          0          0          0        152   heapauxi.o
         0          0          0          0          0          0   indicate_semi.o
        44         10         28          0          0         76   lc_numeric_c.o
         2          0          0          0          0          0   libinit.o
        18          0          0          0          0          0   libinit2.o
         2          0          0          0          0          0   libshutdown.o
         2          0          0          0          0          0   libshutdown2.o
         8          4          0          0         96         68   libspace.o
       138          0          0          0          0         80   lludiv10.o
         8          4          0          0          0         68   rt_locale_intlibspace.o
         2          0          0          0          0          0   rtexit.o
        10          0          0          0          0          0   rtexit2.o
       128          0          0          0          0         68   strcmpv7m.o
        12          4          0          0          0         68   sys_exit.o
        74          0          0          0          0         80   sys_stackheap_outer.o
         2          0          0          0          0         68   use_no_semi.o
        12          0          0          0          0         68   dretinf.o
        86          4          0          0          0         84   f2d.o
       388         76          0          0          0         96   fdiv.o
        38          0          0          0          0         68   fflt_clz.o
       140          4          0          0          0         84   fnaninf.o
        10          0          0          0          0         68   fretinf.o
         4          0          0          0          0         68   printf1.o
         0          0          0          0          0          0   usenofp.o
        40          0          0          0          0         68   fpclassify.o

    ----------------------------------------------------------------------
      5282        278        196          0         96       3064   Library Totals
        16          0          3          0          0          0   (incl. Padding)

    ----------------------------------------------------------------------

      Code (inc. data)   RO Data    RW Data    ZI Data      Debug   Library Name

      4548        194        193          0         96       2460   c_w.l
       678         84          0          0          0        536   fz_ws.l
        40          0          0          0          0         68   m_ws.l

    ----------------------------------------------------------------------
      5282        278        196          0         96       3064   Library Totals

    ----------------------------------------------------------------------

==============================================================================


      Code (inc. data)   RO Data    RW Data    ZI Data      Debug   

      8444        566       2260         20       1652      88267   Grand Totals
      8444        566       2260         20       1652      88267   ELF Image Totals
      8444        566       2260         20          0          0   ROM Totals

==============================================================================

    Total RO  Size (Code + RO Data)                10704 (  10.45kB)
    Total RW  Size (RW Data + ZI Data)              1672 (   1.63kB)
    Total ROM Size (Code + RO Data + RW Data)      10724 (  10.47kB)

==============================================================================

